Component: ARM Compiler 5.05 update 1 (build 106) Tool: armlink [4d0efa]

==============================================================================

Section Cross References

    app.o(i.LedHandler) refers to bsp.o(i.BSP_GpioToggle) for BSP_GpioToggle
    app.o(i.main) refers to usbcache.o(i.usbcache_init) for usbcache_init
    app.o(i.main) refers to bsp.o(i.BSP_Init) for BSP_Init
    app.o(i.main) refers to hw_config.o(i.USB_Config) for USB_Config
    app.o(i.main) refers to usart_dev.o(i.USART_GetDmaIsBusy) for USART_GetDmaIsBusy
    app.o(i.main) refers to usbcache.o(i.usbcache_pull) for usbcache_pull
    app.o(i.main) refers to usart_dev.o(i.USART_DmaTx) for USART_DmaTx
    app.o(i.main) refers to app.o(.constdata) for COMn
    app.o(i.main) refers to app.o(.bss) for dmaBuff
    bsp.o(i.BSP_GpioRead) refers to stm32f10x_gpio.o(i.GPIO_ReadInputDataBit) for GPIO_ReadInputDataBit
    bsp.o(i.BSP_GpioRead) refers to bsp.o(.constdata) for m_PortInfo
    bsp.o(i.BSP_GpioReset) refers to bsp.o(.constdata) for m_PortInfo
    bsp.o(i.BSP_GpioSet) refers to bsp.o(.constdata) for m_PortInfo
    bsp.o(i.BSP_GpioToggle) refers to bsp.o(.constdata) for m_PortInfo
    bsp.o(i.BSP_Init) refers to bsp.o(i.NVIC_Configuration) for NVIC_Configuration
    bsp.o(i.BSP_Init) refers to bsp.o(i.GPIO_Configuration) for GPIO_Configuration
    bsp.o(i.BSP_PortWrite) refers to bsp.o(.constdata) for m_PortInfo
    bsp.o(i.GPIO_Configuration) refers to stm32f10x_rcc.o(i.RCC_APB2PeriphClockCmd) for RCC_APB2PeriphClockCmd
    bsp.o(i.GPIO_Configuration) refers to stm32f10x_gpio.o(i.GPIO_Init) for GPIO_Init
    bsp.o(i.GPIO_Configuration) refers to bsp.o(.constdata) for m_PortInfo
    bsp.o(i.IWDG_Init) refers to stm32f10x_iwdg.o(i.IWDG_WriteAccessCmd) for IWDG_WriteAccessCmd
    bsp.o(i.IWDG_Init) refers to stm32f10x_iwdg.o(i.IWDG_SetPrescaler) for IWDG_SetPrescaler
    bsp.o(i.IWDG_Init) refers to stm32f10x_iwdg.o(i.IWDG_SetReload) for IWDG_SetReload
    bsp.o(i.IWDG_Init) refers to stm32f10x_iwdg.o(i.IWDG_Enable) for IWDG_Enable
    bsp.o(i.IWDG_Init) refers to stm32f10x_iwdg.o(i.IWDG_ReloadCounter) for IWDG_ReloadCounter
    bsp.o(i.NVIC_Configuration) refers to misc.o(i.NVIC_PriorityGroupConfig) for NVIC_PriorityGroupConfig
    bsp.o(i.SysTickInit) refers to memseta.o(.text) for __aeabi_memclr4
    bsp.o(i.SysTickInit) refers to stm32f10x_rcc.o(i.RCC_GetClocksFreq) for RCC_GetClocksFreq
    bsp.o(i.WDG_Clear) refers to stm32f10x_iwdg.o(i.IWDG_ReloadCounter) for IWDG_ReloadCounter
    bsp_tim.o(i.BSP_TimAutoreloadSet) refers to stm32f10x_tim.o(i.TIM_SetAutoreload) for TIM_SetAutoreload
    bsp_tim.o(i.BSP_TimAutoreloadSet) refers to bsp_tim.o(.constdata) for TIM_NUM
    bsp_tim.o(i.BSP_TimClockGet) refers to system_stm32f10x.o(.data) for SystemCoreClock
    bsp_tim.o(i.BSP_TimClose) refers to stm32f10x_rcc.o(i.RCC_APB2PeriphClockCmd) for RCC_APB2PeriphClockCmd
    bsp_tim.o(i.BSP_TimClose) refers to stm32f10x_rcc.o(i.RCC_APB1PeriphClockCmd) for RCC_APB1PeriphClockCmd
    bsp_tim.o(i.BSP_TimClose) refers to stm32f10x_tim.o(i.TIM_Cmd) for TIM_Cmd
    bsp_tim.o(i.BSP_TimClose) refers to stm32f10x_tim.o(i.TIM_ITConfig) for TIM_ITConfig
    bsp_tim.o(i.BSP_TimClose) refers to bsp_tim.o(.constdata) for TIM_NUM
    bsp_tim.o(i.BSP_TimClose) refers to bsp_tim.o(.bss) for TIM_CALLBACK
    bsp_tim.o(i.BSP_TimCounterGet) refers to stm32f10x_tim.o(i.TIM_GetCounter) for TIM_GetCounter
    bsp_tim.o(i.BSP_TimCounterGet) refers to bsp_tim.o(.constdata) for TIM_NUM
    bsp_tim.o(i.BSP_TimCounterSet) refers to stm32f10x_tim.o(i.TIM_SetCounter) for TIM_SetCounter
    bsp_tim.o(i.BSP_TimCounterSet) refers to bsp_tim.o(.constdata) for TIM_NUM
    bsp_tim.o(i.BSP_TimIRQCallbackSet) refers to bsp_tim.o(.bss) for TIM_CALLBACK
    bsp_tim.o(i.BSP_TimITStateSet) refers to stm32f10x_tim.o(i.TIM_ITConfig) for TIM_ITConfig
    bsp_tim.o(i.BSP_TimITStateSet) refers to bsp_tim.o(.constdata) for TIM_NUM
    bsp_tim.o(i.BSP_TimOpen) refers to stm32f10x_rcc.o(i.RCC_APB2PeriphClockCmd) for RCC_APB2PeriphClockCmd
    bsp_tim.o(i.BSP_TimOpen) refers to stm32f10x_rcc.o(i.RCC_APB1PeriphClockCmd) for RCC_APB1PeriphClockCmd
    bsp_tim.o(i.BSP_TimOpen) refers to stm32f10x_tim.o(i.TIM_TimeBaseInit) for TIM_TimeBaseInit
    bsp_tim.o(i.BSP_TimOpen) refers to misc.o(i.NVIC_Init) for NVIC_Init
    bsp_tim.o(i.BSP_TimOpen) refers to stm32f10x_tim.o(i.TIM_ARRPreloadConfig) for TIM_ARRPreloadConfig
    bsp_tim.o(i.BSP_TimOpen) refers to stm32f10x_tim.o(i.TIM_Cmd) for TIM_Cmd
    bsp_tim.o(i.BSP_TimOpen) refers to stm32f10x_tim.o(i.TIM_ITConfig) for TIM_ITConfig
    bsp_tim.o(i.BSP_TimOpen) refers to bsp_tim.o(.constdata) for TIM_NUM
    bsp_tim.o(i.BSP_TimOpen) refers to bsp_tim.o(.bss) for TIM_CALLBACK
    bsp_tim.o(i.TIM1_UP_IRQHandler) refers to bsp_tim.o(i._UpIRQHandler) for _UpIRQHandler
    bsp_tim.o(i.TIM2_IRQHandler) refers to bsp_tim.o(i._UpIRQHandler) for _UpIRQHandler
    bsp_tim.o(i.TIM3_IRQHandler) refers to bsp_tim.o(i._UpIRQHandler) for _UpIRQHandler
[...]
    Removing usb_regs.o(i.GetDADDR), (12 bytes).
    Removing usb_regs.o(i.GetENDPOINT), (20 bytes).
    Removing usb_regs.o(i.GetEPAddress), (24 bytes).
    Removing usb_regs.o(i.GetEPDblBuf0Addr), (32 bytes).
    Removing usb_regs.o(i.GetEPDblBuf0Count), (36 bytes).
    Removing usb_regs.o(i.GetEPDblBuf1Addr), (32 bytes).
    Removing usb_regs.o(i.GetEPDblBuf1Count), (36 bytes).
    Removing usb_regs.o(i.GetEPDblBufDir), (72 bytes).
    Removing usb_regs.o(i.GetEPRxStatus), (24 bytes).
    Removing usb_regs.o(i.GetEPTxCount), (36 bytes).
    Removing usb_regs.o(i.GetEPTxStatus), (24 bytes).
    Removing usb_regs.o(i.GetEPType), (24 bytes).
    Removing usb_regs.o(i.GetFNR), (12 bytes).
    Removing usb_regs.o(i.GetISTR), (12 bytes).
    Removing usb_regs.o(i.GetRxStallStatus), (36 bytes).
    Removing usb_regs.o(i.GetTxStallStatus), (32 bytes).
    Removing usb_regs.o(i.SetCNTR), (12 bytes).
    Removing usb_regs.o(i.SetDADDR), (12 bytes).
    Removing usb_regs.o(i.SetDouBleBuffEPStall), (60 bytes).
    Removing usb_regs.o(i.SetENDPOINT), (16 bytes).
    Removing usb_regs.o(i.SetEPAddress), (44 bytes).
    Removing usb_regs.o(i.SetEPCountRxReg), (48 bytes).
    Removing usb_regs.o(i.SetEPDblBuf0Addr), (32 bytes).
    Removing usb_regs.o(i.SetEPDblBuf0Count), (104 bytes).
    Removing usb_regs.o(i.SetEPDblBuf1Addr), (36 bytes).
    Removing usb_regs.o(i.SetEPDblBuf1Count), (104 bytes).
    Removing usb_regs.o(i.SetEPDblBuffAddr), (52 bytes).
    Removing usb_regs.o(i.SetEPDblBuffCount), (196 bytes).
    Removing usb_regs.o(i.SetEPDoubleBuff), (44 bytes).
    Removing usb_regs.o(i.SetEP_KIND), (44 bytes).
    Removing usb_regs.o(i.SetISTR), (12 bytes).
    Removing usb_regs.o(i.Set_Status_Out), (44 bytes).
    Removing usb_regs.o(i.ToWord), (8 bytes).
    Removing usb_regs.o(i.ToggleDTOG_RX), (40 bytes).
    Removing usb_regs.o(i.ToggleDTOG_TX), (40 bytes).
    Removing usb_sil.o(.rev16_text), (4 bytes).
    Removing usb_sil.o(.revsh_text), (4 bytes).
    Removing usb_sil.o(.rrx_text), (6 bytes).
    Removing usb_sil.o(i.USB_SIL_Write), (46 bytes).
    Removing dadd.o(.text), (334 bytes).
    Removing dmul.o(.text), (228 bytes).
    Removing ddiv.o(.text), (222 bytes).
    Removing dfixul.o(.text), (48 bytes).
    Removing cdrcmple.o(.text), (48 bytes).
    Removing depilogue.o(.text), (186 bytes).

574 unused section(s) (total 21286 bytes) removed from the image.

==============================================================================

Image Symbol Table

    Local Symbols

    Symbol Name                              Value     Ov Type        Size  Object(Section)

    ../clib/../cmprslib/zerorunl2.c          0x00000000   Number         0  __dczerorl2.o ABSOLUTE
    ../clib/microlib/division.c              0x00000000   Number         0  uidiv.o ABSOLUTE
    ../clib/microlib/division.c              0x00000000   Number         0  uldiv.o ABSOLUTE
    ../clib/microlib/init/entry.s            0x00000000   Number         0  entry10b.o ABSOLUTE
    ../clib/microlib/init/entry.s            0x00000000   Number         0  entry11a.o ABSOLUTE
    ../clib/microlib/init/entry.s            0x00000000   Number         0  entry7a.o ABSOLUTE
    ../clib/microlib/init/entry.s            0x00000000   Number         0  entry11b.o ABSOLUTE
    ../clib/microlib/init/entry.s            0x00000000   Number         0  entry5.o ABSOLUTE
    ../clib/microlib/init/entry.s            0x00000000   Number         0  entry8a.o ABSOLUTE
    ../clib/microlib/init/entry.s            0x00000000   Number         0  entry.o ABSOLUTE
    ../clib/microlib/init/entry.s            0x00000000   Number         0  entry8b.o ABSOLUTE
    ../clib/microlib/init/entry.s            0x00000000   Number         0  entry2.o ABSOLUTE
    ../clib/microlib/init/entry.s            0x00000000   Number         0  entry9a.o ABSOLUTE
    ../clib/microlib/init/entry.s            0x00000000   Number         0  entry9b.o ABSOLUTE
    ../clib/microlib/init/entry.s            0x00000000   Number         0  entry10a.o ABSOLUTE
    ../clib/microlib/init/entry.s            0x00000000   Number         0  entry7b.o ABSOLUTE
    ../clib/microlib/longlong.c              0x00000000   Number         0  llshl.o ABSOLUTE
    ../clib/microlib/longlong.c              0x00000000   Number         0  llsshr.o ABSOLUTE
    ../clib/microlib/longlong.c              0x00000000   Number         0  llushr.o ABSOLUTE
    ../clib/microlib/printf/printf.c         0x00000000   Number         0  printf4.o ABSOLUTE
    ../clib/microlib/printf/printf.c         0x00000000   Number         0  printf5.o ABSOLUTE
    ../clib/microlib/printf/printf.c         0x00000000   Number         0  printfb.o ABSOLUTE
    ../clib/microlib/printf/printf.c         0x00000000   Number         0  printf7.o ABSOLUTE
    ../clib/microlib/printf/printf.c         0x00000000   Number         0  printf0.o ABSOLUTE
    ../clib/microlib/printf/printf.c         0x00000000   Number         0  printf8.o ABSOLUTE
    ../clib/microlib/printf/printf.c         0x00000000   Number         0  printf6.o ABSOLUTE
    ../clib/microlib/printf/printf.c         0x00000000   Number         0  printfa.o ABSOLUTE
    ../clib/microlib/printf/printf.c         0x00000000   Number         0  printf3.o ABSOLUTE
    ../clib/microlib/printf/printf.c         0x00000000   Number         0  printf1.o ABSOLUTE
    ../clib/microlib/printf/printf.c         0x00000000   Number         0  printf2.o ABSOLUTE
    ../clib/microlib/printf/stubs.s          0x00000000   Number         0  stubs.o ABSOLUTE
    ../clib/microlib/stdio/fputc.c           0x00000000   Number         0  fputc.o ABSOLUTE
    ../clib/microlib/stdio/semi.s            0x00000000   Number         0  semi.o ABSOLUTE
    ../clib/microlib/stdio/streams.c         0x00000000   Number         0  stdout.o ABSOLUTE
    ../clib/microlib/string/memset.c         0x00000000   Number         0  memseta.o ABSOLUTE
    ../clib/microlib/string/strlen.c         0x00000000   Number         0  strlen.o ABSOLUTE
    ../clib/microlib/stubs.s                 0x00000000   Number         0  iusesemip.o ABSOLUTE
    ../clib/microlib/stubs.s                 0x00000000   Number         0  iusefp.o ABSOLUTE
    ../fplib/microlib/fpadd.c                0x00000000   Number         0  dadd.o ABSOLUTE
    ../fplib/microlib/fpdiv.c                0x00000000   Number         0  ddiv.o ABSOLUTE
    ../fplib/microlib/fpepilogue.c           0x00000000   Number         0  depilogue.o ABSOLUTE
    ../fplib/microlib/fpfix.c                0x00000000   Number         0  dfixul.o ABSOLUTE
    ../fplib/microlib/fpmul.c                0x00000000   Number         0  dmul.o ABSOLUTE
    ..\Source\APP\APP.c                      0x00000000   Number         0  app.o ABSOLUTE
    ..\Source\BSP\BSP_Tim.c                  0x00000000   Number         0  bsp_tim.o ABSOLUTE
    ..\Source\BSP\bsp.c                      0x00000000   Number         0  bsp.o ABSOLUTE
    ..\Source\Drive\USART_Dev.c              0x00000000   Number         0  usart_dev.o ABSOLUTE
    ..\Source\Public\usbcache.c              0x00000000   Number         0  usbcache.o ABSOLUTE
    ..\Source\STM32F10xLib\M3\stm32f10x_it.c 0x00000000   Number         0  stm32f10x_it.o ABSOLUTE
    ..\Source\STM32F10xLib\M3\system_stm32f10x.c 0x00000000   Number         0  system_stm32f10x.o ABSOLUTE
    ..\Source\STM32F10xLib\src\misc.c        0x00000000   Number         0  misc.o ABSOLUTE
    ..\Source\STM32F10xLib\src\stm32f10x_adc.c 0x00000000   Number         0  stm32f10x_adc.o ABSOLUTE
    ..\Source\STM32F10xLib\src\stm32f10x_bkp.c 0x00000000   Number         0  stm32f10x_bkp.o ABSOLUTE
    ..\Source\STM32F10xLib\src\stm32f10x_can.c 0x00000000   Number         0  stm32f10x_can.o ABSOLUTE
    ..\Source\STM32F10xLib\src\stm32f10x_dac.c 0x00000000   Number         0  stm32f10x_dac.o ABSOLUTE
    ..\Source\STM32F10xLib\src\stm32f10x_dma.c 0x00000000   Number         0  stm32f10x_dma.o ABSOLUTE
    ..\Source\STM32F10xLib\src\stm32f10x_exti.c 0x00000000   Number         0  stm32f10x_exti.o ABSOLUTE
    ..\Source\STM32F10xLib\src\stm32f10x_flash.c 0x00000000   Number         0  stm32f10x_flash.o ABSOLUTE
    ..\Source\STM32F10xLib\src\stm32f10x_fsmc.c 0x00000000   Number         0  stm32f10x_fsmc.o ABSOLUTE
    ..\Source\STM32F10xLib\src\stm32f10x_gpio.c 0x00000000   Number         0  stm32f10x_gpio.o ABSOLUTE
    ..\Source\STM32F10xLib\src\stm32f10x_i2c.c 0x00000000   Number         0  stm32f10x_i2c.o ABSOLUTE
    ..\Source\STM32F10xLib\src\stm32f10x_iwdg.c 0x00000000   Number         0  stm32f10x_iwdg.o ABSOLUTE
    ..\Source\STM32F10xLib\src\stm32f10x_pwr.c 0x00000000   Number         0  stm32f10x_pwr.o ABSOLUTE
    ..\Source\STM32F10xLib\src\stm32f10x_rcc.c 0x00000000   Number         0  stm32f10x_rcc.o ABSOLUTE
    ..\Source\STM32F10xLib\src\stm32f10x_rtc.c 0x00000000   Number         0  stm32f10x_rtc.o ABSOLUTE
    ..\Source\STM32F10xLib\src\stm32f10x_spi.c 0x00000000   Number         0  stm32f10x_spi.o ABSOLUTE
    ..\Source\STM32F10xLib\src\stm32f10x_tim.c 0x00000000   Number         0  stm32f10x_tim.o ABSOLUTE
    ..\Source\STM32F10xLib\src\stm32f10x_usart.c 0x00000000   Number         0  stm32f10x_usart.o ABSOLUTE
    ..\Source\STM32F10xLib\startup\startup_stm32f10x_hd.s 0x00000000   Number         0  startup_stm32f10x_hd.o ABSOLUTE
    ..\Source\USB\lib\usb_core.c             0x00000000   Number         0  usb_core.o ABSOLUTE
    ..\Source\USB\lib\usb_init.c             0x00000000   Number         0  usb_init.o ABSOLUTE
    ..\Source\USB\lib\usb_int.c              0x00000000   Number         0  usb_int.o ABSOLUTE
    ..\Source\USB\lib\usb_mem.c              0x00000000   Number         0  usb_mem.o ABSOLUTE
    ..\Source\USB\lib\usb_regs.c             0x00000000   Number         0  usb_regs.o ABSOLUTE
    ..\Source\USB\lib\usb_sil.c              0x00000000   Number         0  usb_sil.o ABSOLUTE
    ..\Source\USB\src\hw_config.c            0x00000000   Number         0  hw_config.o ABSOLUTE
    ..\Source\USB\src\usb_desc.c             0x00000000   Number         0  usb_desc.o ABSOLUTE
    ..\Source\USB\src\usb_endp.c             0x00000000   Number         0  usb_endp.o ABSOLUTE
    ..\Source\USB\src\usb_istr.c             0x00000000   Number         0  usb_istr.o ABSOLUTE
    ..\Source\USB\src\usb_it.c               0x00000000   Number         0  usb_it.o ABSOLUTE
    ..\Source\USB\src\usb_prop.c             0x00000000   Number         0  usb_prop.o ABSOLUTE
    ..\Source\USB\src\usb_pwr.c              0x00000000   Number         0  usb_pwr.o ABSOLUTE
    ..\\Source\\APP\\APP.c                   0x00000000   Number         0  app.o ABSOLUTE
    ..\\Source\\BSP\\BSP_Tim.c               0x00000000   Number         0  bsp_tim.o ABSOLUTE
    ..\\Source\\BSP\\bsp.c                   0x00000000   Number         0  bsp.o ABSOLUTE
    ..\\Source\\Drive\\USART_Dev.c           0x00000000   Number         0  usart_dev.o ABSOLUTE
    ..\\Source\\Public\\usbcache.c           0x00000000   Number         0  usbcache.o ABSOLUTE
    ..\\Source\\STM32F10xLib\\M3\\stm32f10x_it.c 0x00000000   Number         0  stm32f10x_it.o ABSOLUTE
    ..\\Source\\STM32F10xLib\\M3\\system_stm32f10x.c 0x00000000   Number         0  system_stm32f10x.o ABSOLUTE
    ..\\Source\\STM32F10xLib\\src\\misc.c    0x00000000   Number         0  misc.o ABSOLUTE
    ..\\Source\\STM32F10xLib\\src\\stm32f10x_adc.c 0x00000000   Number         0  stm32f10x_adc.o ABSOLUTE
    ..\\Source\\STM32F10xLib\\src\\stm32f10x_bkp.c 0x00000000   Number         0  stm32f10x_bkp.o ABSOLUTE
    ..\\Source\\STM32F10xLib\\src\\stm32f10x_can.c 0x00000000   Number         0  stm32f10x_can.o ABSOLUTE
    ..\\Source\\STM32F10xLib\\src\\stm32f10x_dac.c 0x00000000   Number         0  stm32f10x_dac.o ABSOLUTE
    ..\\Source\\STM32F10xLib\\src\\stm32f10x_dma.c 0x00000000   Number         0  stm32f10x_dma.o ABSOLUTE
    ..\\Source\\STM32F10xLib\\src\\stm32f10x_exti.c 0x00000000   Number         0  stm32f10x_exti.o ABSOLUTE
    ..\\Source\\STM32F10xLib\\src\\stm32f10x_flash.c 0x00000000   Number         0  stm32f10x_flash.o ABSOLUTE
    ..\\Source\\STM32F10xLib\\src\\stm32f10x_fsmc.c 0x00000000   Number         0  stm32f10x_fsmc.o ABSOLUTE
    ..\\Source\\STM32F10xLib\\src\\stm32f10x_gpio.c 0x00000000   Number         0  stm32f10x_gpio.o ABSOLUTE
    ..\\Source\\STM32F10xLib\\src\\stm32f10x_i2c.c 0x00000000   Number         0  stm32f10x_i2c.o ABSOLUTE
    ..\\Source\\STM32F10xLib\\src\\stm32f10x_iwdg.c 0x00000000   Number         0  stm32f10x_iwdg.o ABSOLUTE
    ..\\Source\\STM32F10xLib\\src\\stm32f10x_pwr.c 0x00000000   Number         0  stm32f10x_pwr.o ABSOLUTE
    ..\\Source\\STM32F10xLib\\src\\stm32f10x_rcc.c 0x00000000   Number         0  stm32f10x_rcc.o ABSOLUTE
    ..\\Source\\STM32F10xLib\\src\\stm32f10x_rtc.c 0x00000000   Number         0  stm32f10x_rtc.o ABSOLUTE
    ..\\Source\\STM32F10xLib\\src\\stm32f10x_spi.c 0x00000000   Number         0  stm32f10x_spi.o ABSOLUTE
    ..\\Source\\STM32F10xLib\\src\\stm32f10x_tim.c 0x00000000   Number         0  stm32f10x_tim.o ABSOLUTE
    ..\\Source\\STM32F10xLib\\src\\stm32f10x_usart.c 0x00000000   Number         0  stm32f10x_usart.o ABSOLUTE
    ..\\Source\\USB\\lib\\usb_core.c         0x00000000   Number         0  usb_core.o ABSOLUTE
    ..\\Source\\USB\\lib\\usb_init.c         0x00000000   Number         0  usb_init.o ABSOLUTE
    ..\\Source\\USB\\lib\\usb_int.c          0x00000000   Number         0  usb_int.o ABSOLUTE
    ..\\Source\\USB\\lib\\usb_mem.c          0x00000000   Number         0  usb_mem.o ABSOLUTE
    ..\\Source\\USB\\lib\\usb_regs.c         0x00000000   Number         0  usb_regs.o ABSOLUTE
    ..\\Source\\USB\\lib\\usb_sil.c          0x00000000   Number         0  usb_sil.o ABSOLUTE
    ..\\Source\\USB\\src\\hw_config.c        0x00000000   Number         0  hw_config.o ABSOLUTE
    ..\\Source\\USB\\src\\usb_desc.c         0x00000000   Number         0  usb_desc.o ABSOLUTE
    ..\\Source\\USB\\src\\usb_endp.c         0x00000000   Number         0  usb_endp.o ABSOLUTE
    ..\\Source\\USB\\src\\usb_istr.c         0x00000000   Number         0  usb_istr.o ABSOLUTE
    ..\\Source\\USB\\src\\usb_it.c           0x00000000   Number         0  usb_it.o ABSOLUTE
    ..\\Source\\USB\\src\\usb_prop.c         0x00000000   Number         0  usb_prop.o ABSOLUTE
    ..\\Source\\USB\\src\\usb_pwr.c          0x00000000   Number         0  usb_pwr.o ABSOLUTE
    cdrcmple.s                               0x00000000   Number         0  cdrcmple.o ABSOLUTE
    dc.s                                     0x00000000   Number         0  dc.o ABSOLUTE
    handlers.s                               0x00000000   Number         0  handlers.o ABSOLUTE
    init.s                                   0x00000000   Number         0  init.o ABSOLUTE
    RESET                                    0x08000000   Section      304  startup_stm32f10x_hd.o(RESET)
    .ARM.Collect$$$$00000000                 0x08000130   Section        0  entry.o(.ARM.Collect$$$$00000000)
    .ARM.Collect$$$$00000001                 0x08000130   Section        4  entry2.o(.ARM.Collect$$$$00000001)
    .ARM.Collect$$$$00000004                 0x08000134   Section        4  entry5.o(.ARM.Collect$$$$00000004)
    .ARM.Collect$$$$00000008                 0x08000138   Section        0  entry7b.o(.ARM.Collect$$$$00000008)
    .ARM.Collect$$$$0000000A                 0x08000138   Section        0  entry8b.o(.ARM.Collect$$$$0000000A)
    .ARM.Collect$$$$0000000B                 0x08000138   Section        8  entry9a.o(.ARM.Collect$$$$0000000B)
    .ARM.Collect$$$$0000000D                 0x08000140   Section        0  entry10a.o(.ARM.Collect$$$$0000000D)
    .ARM.Collect$$$$0000000F                 0x08000140   Section        0  entry11a.o(.ARM.Collect$$$$0000000F)
    .ARM.Collect$$$$00002712                 0x08000140   Section        4  entry2.o(.ARM.Collect$$$$00002712)
    __lit__00000000                          0x08000140   Data           4  entry2.o(.ARM.Collect$$$$00002712)
    .text                                    0x08000144   Section       36  startup_stm32f10x_hd.o(.text)
    .text                                    0x08000168   Section       36  init.o(.text)
    .text                                    0x0800018c   Section        0  __dczerorl2.o(.text)
    i.BSP_Init                               0x080001e2   Section        0  bsp.o(i.BSP_Init)
    i.BusFault_Handler                       0x080001ee   Section        0  stm32f10x_it.o(i.BusFault_Handler)
    i.ByteSwap                               0x080001f2   Section        0  usb_regs.o(i.ByteSwap)
    i.CTR_LP                                 0x08000200   Section        0  usb_int.o(i.CTR_LP)
    i.ClearDTOG_RX                           0x08000488   Section        0  usb_regs.o(i.ClearDTOG_RX)
    i.ClearDTOG_TX                           0x080004bc   Section        0  usb_regs.o(i.ClearDTOG_TX)
    i.Clear_Status_Out                       0x080004f0   Section        0  usb_regs.o(i.Clear_Status_Out)
    i.DMA1_Channel2_IRQHandler               0x08000518   Section        0  usart_dev.o(i.DMA1_Channel2_IRQHandler)
    i.DMA1_Channel4_IRQHandler               0x08000560   Section        0  usart_dev.o(i.DMA1_Channel4_IRQHandler)
    i.DMA1_Channel7_IRQHandler               0x080005a8   Section        0  usart_dev.o(i.DMA1_Channel7_IRQHandler)
    i.DMA_ClearFlag                          0x080005f4   Section        0  stm32f10x_dma.o(i.DMA_ClearFlag)
    i.DMA_Cmd                                0x08000610   Section        0  stm32f10x_dma.o(i.DMA_Cmd)
    i.DMA_DeInit                             0x08000628   Section        0  stm32f10x_dma.o(i.DMA_DeInit)
    i.DMA_GetITStatus                        0x08000774   Section        0  stm32f10x_dma.o(i.DMA_GetITStatus)
    i.DMA_ITConfig                           0x080007a0   Section        0  stm32f10x_dma.o(i.DMA_ITConfig)
    i.DMA_Init                               0x080007b2   Section        0  stm32f10x_dma.o(i.DMA_Init)
    i.DataStageIn                            0x080007f0   Section        0  usb_core.o(i.DataStageIn)
    DataStageIn                              0x080007f1   Thumb Code   166  usb_core.o(i.DataStageIn)
    i.DataStageOut                           0x080008b0   Section        0  usb_core.o(i.DataStageOut)
    DataStageOut                             0x080008b1   Thumb Code   166  usb_core.o(i.DataStageOut)
    i.Data_Setup0                            0x0800096c   Section        0  usb_core.o(i.Data_Setup0)
    Data_Setup0                              0x0800096d   Thumb Code   608  usb_core.o(i.Data_Setup0)
    i.DebugMon_Handler                       0x08000bf0   Section        0  stm32f10x_it.o(i.DebugMon_Handler)
    i.EP1_IN_Callback                        0x08000bf2   Section        0  usb_endp.o(i.EP1_IN_Callback)
    i.EP1_OUT_Callback                       0x08000bfc   Section        0  usb_endp.o(i.EP1_OUT_Callback)
    i.EP2_OUT_Callback                       0x08000c06   Section        0  usb_endp.o(i.EP2_OUT_Callback)
    i.EP3_IN_Callback                        0x08000c10   Section        0  usb_endp.o(i.EP3_IN_Callback)
    i.EP3_OUT_Callback                       0x08000c1a   Section        0  usb_endp.o(i.EP3_OUT_Callback)
    i.EP4_OUT_Callback                       0x08000c24   Section        0  usb_endp.o(i.EP4_OUT_Callback)
    i.EP5_IN_Callback                        0x08000c2e   Section        0  usb_endp.o(i.EP5_IN_Callback)
    i.EP5_OUT_Callback                       0x08000c38   Section        0  usb_endp.o(i.EP5_OUT_Callback)
    i.EP6_OUT_Callback                       0x08000c42   Section        0  usb_endp.o(i.EP6_OUT_Callback)
    i.EXTI_ClearITPendingBit                 0x08000c4c   Section        0  stm32f10x_exti.o(i.EXTI_ClearITPendingBit)
    i.EXTI_Init                              0x08000c58   Section        0  stm32f10x_exti.o(i.EXTI_Init)
    i.GPIO_Configuration                     0x08000cec   Section        0  bsp.o(i.GPIO_Configuration)
    i.GPIO_Init                              0x08000d78   Section        0  stm32f10x_gpio.o(i.GPIO_Init)
    i.GPIO_PinRemapConfig                    0x08000e90   Section        0  stm32f10x_gpio.o(i.GPIO_PinRemapConfig)
    i.GPIO_ResetBits                         0x08000f20   Section        0  stm32f10x_gpio.o(i.GPIO_ResetBits)
    i.GPIO_SetBits                           0x08000f24   Section        0  stm32f10x_gpio.o(i.GPIO_SetBits)
    i.GetEPRxAddr                            0x08000f28   Section        0  usb_regs.o(i.GetEPRxAddr)
    i.GetEPRxCount                           0x08000f48   Section        0  usb_regs.o(i.GetEPRxCount)
    i.GetEPTxAddr                            0x08000f6c   Section        0  usb_regs.o(i.GetEPTxAddr)
    i.Get_SerialNum                          0x08000f8c   Section        0  hw_config.o(i.Get_SerialNum)
    i.HardFault_Handler                      0x08000fc0   Section        0  stm32f10x_it.o(i.HardFault_Handler)
    i.In0_Process                            0x08000fc4   Section        0  usb_core.o(i.In0_Process)
    i.IntToUnicode                           0x08001034   Section        0  hw_config.o(i.IntToUnicode)
    IntToUnicode                             0x08001035   Thumb Code    62  hw_config.o(i.IntToUnicode)
    i.Leave_LowPowerMode                     0x08001074   Section        0  hw_config.o(i.Leave_LowPowerMode)
    i.MemManage_Handler                      0x08001094   Section        0  stm32f10x_it.o(i.MemManage_Handler)
    i.MoveDataBuffer2Usb                     0x08001098   Section        0  usb_endp.o(i.MoveDataBuffer2Usb)
    i.MoveDataUsb2Buffer                     0x08001130   Section        0  usb_endp.o(i.MoveDataUsb2Buffer)
    i.NMI_Handler                            0x08001178   Section        0  stm32f10x_it.o(i.NMI_Handler)
    i.NOP_Process                            0x0800117a   Section        0  usb_core.o(i.NOP_Process)
    i.NVIC_Configuration                     0x0800117c   Section        0  bsp.o(i.NVIC_Configuration)
    i.NVIC_Init                              0x08001188   Section        0  misc.o(i.NVIC_Init)
    i.NVIC_PriorityGroupConfig               0x080011f8   Section        0  misc.o(i.NVIC_PriorityGroupConfig)
    i.NoData_Setup0                          0x0800120c   Section        0  usb_core.o(i.NoData_Setup0)
    NoData_Setup0                            0x0800120d   Thumb Code   290  usb_core.o(i.NoData_Setup0)
    i.Out0_Process                           0x08001344   Section        0  usb_core.o(i.Out0_Process)
    i.PMAToUserBufferCopy                    0x08001394   Section        0  usb_mem.o(i.PMAToUserBufferCopy)
    i.PendSV_Handler                         0x080013bc   Section        0  stm32f10x_it.o(i.PendSV_Handler)
    i.Post0_Process                          0x080013c0   Section        0  usb_core.o(i.Post0_Process)
    i.PowerOn                                0x08001400   Section        0  usb_pwr.o(i.PowerOn)
    i.RCC_AHBPeriphClockCmd                  0x08001440   Section        0  stm32f10x_rcc.o(i.RCC_AHBPeriphClockCmd)
    i.RCC_APB1PeriphClockCmd                 0x08001460   Section        0  stm32f10x_rcc.o(i.RCC_APB1PeriphClockCmd)
    i.RCC_APB2PeriphClockCmd                 0x08001480   Section        0  stm32f10x_rcc.o(i.RCC_APB2PeriphClockCmd)
    i.RCC_GetClocksFreq                      0x080014a0   Section        0  stm32f10x_rcc.o(i.RCC_GetClocksFreq)
    i.RCC_USBCLKConfig                       0x08001574   Section        0  stm32f10x_rcc.o(i.RCC_USBCLKConfig)
    i.Resume                                 0x08001580   Section        0  usb_pwr.o(i.Resume)
    i.Resume_Init                            0x08001650   Section        0  usb_pwr.o(i.Resume_Init)
    i.SOF_Callback                           0x08001674   Section        0  usb_endp.o(i.SOF_Callback)
    i.SVC_Handler                            0x08001676   Section        0  stm32f10x_it.o(i.SVC_Handler)
    i.SetBTABLE                              0x08001678   Section        0  usb_regs.o(i.SetBTABLE)
    i.SetDeviceAddress                       0x08001688   Section        0  usb_core.o(i.SetDeviceAddress)
    i.SetEPRxAddr                            0x080016d8   Section        0  usb_regs.o(i.SetEPRxAddr)
    i.SetEPRxCount                           0x080016fc   Section        0  usb_regs.o(i.SetEPRxCount)
    i.SetEPRxStatus                          0x08001748   Section        0  usb_regs.o(i.SetEPRxStatus)
    i.SetEPRxValid                           0x08001788   Section        0  usb_regs.o(i.SetEPRxValid)
    i.SetEPTxAddr                            0x080017bc   Section        0  usb_regs.o(i.SetEPTxAddr)
    i.SetEPTxCount                           0x080017dc   Section        0  usb_regs.o(i.SetEPTxCount)
    i.SetEPTxStatus                          0x080017f8   Section        0  usb_regs.o(i.SetEPTxStatus)
    i.SetEPTxValid                           0x08001838   Section        0  usb_regs.o(i.SetEPTxValid)
    i.SetEPType                              0x0800186c   Section        0  usb_regs.o(i.SetEPType)
    i.SetSysClock                            0x08001890   Section        0  system_stm32f10x.o(i.SetSysClock)
    SetSysClock                              0x08001891   Thumb Code     8  system_stm32f10x.o(i.SetSysClock)
    i.SetSysClockTo72                        0x08001898   Section        0  system_stm32f10x.o(i.SetSysClockTo72)
    SetSysClockTo72                          0x08001899   Thumb Code   214  system_stm32f10x.o(i.SetSysClockTo72)
    i.Set_System                             0x08001978   Section        0  hw_config.o(i.Set_System)
    i.Set_USBClock                           0x080019c8   Section        0  hw_config.o(i.Set_USBClock)
    i.Setup0_Process                         0x080019dc   Section        0  usb_core.o(i.Setup0_Process)
    i.Standard_ClearFeature                  0x08001a94   Section        0  usb_core.o(i.Standard_ClearFeature)
    i.Standard_GetConfiguration              0x08001bf8   Section        0  usb_core.o(i.Standard_GetConfiguration)
    i.Standard_GetDescriptorData             0x08001c24   Section        0  usb_core.o(i.Standard_GetDescriptorData)
    i.Standard_GetInterface                  0x08001c48   Section        0  usb_core.o(i.Standard_GetInterface)
    i.Standard_GetStatus                     0x08001c74   Section        0  usb_core.o(i.Standard_GetStatus)
    i.Standard_SetConfiguration              0x08001d74   Section        0  usb_core.o(i.Standard_SetConfiguration)
    i.Standard_SetDeviceFeature              0x08001dbc   Section        0  usb_core.o(i.Standard_SetDeviceFeature)
    i.Standard_SetEndPointFeature            0x08001de4   Section        0  usb_core.o(i.Standard_SetEndPointFeature)
    i.Standard_SetInterface                  0x08001eb4   Section        0  usb_core.o(i.Standard_SetInterface)
    i.Suspend                                0x08001f20   Section        0  usb_pwr.o(i.Suspend)
    i.SysTick_Handler                        0x08002024   Section        0  stm32f10x_it.o(i.SysTick_Handler)
    i.SystemInit                             0x08002028   Section        0  system_stm32f10x.o(i.SystemInit)
    i.TIM1_UP_IRQHandler                     0x08002088   Section        0  bsp_tim.o(i.TIM1_UP_IRQHandler)
    i.TIM2_IRQHandler                        0x08002092   Section        0  bsp_tim.o(i.TIM2_IRQHandler)
    i.TIM3_IRQHandler                        0x0800209c   Section        0  bsp_tim.o(i.TIM3_IRQHandler)
    i.TIM4_IRQHandler                        0x080020a6   Section        0  bsp_tim.o(i.TIM4_IRQHandler)
    i.TIM_ClearITPendingBit                  0x080020b0   Section        0  stm32f10x_tim.o(i.TIM_ClearITPendingBit)
    i.TIM_GetITStatus                        0x080020b6   Section        0  stm32f10x_tim.o(i.TIM_GetITStatus)
    i.USART1_IRQHandler                      0x080020d8   Section        0  usart_dev.o(i.USART1_IRQHandler)
    i.USART1_Init                            0x08002128   Section        0  usart_dev.o(i.USART1_Init)
    USART1_Init                              0x08002129   Thumb Code   170  usart_dev.o(i.USART1_Init)
    i.USART2_IRQHandler                      0x080021dc   Section        0  usart_dev.o(i.USART2_IRQHandler)
    i.USART2_Init                            0x0800222c   Section        0  usart_dev.o(i.USART2_Init)
    USART2_Init                              0x0800222d   Thumb Code   168  usart_dev.o(i.USART2_Init)
    i.USART3_IRQHandler                      0x080022dc   Section        0  usart_dev.o(i.USART3_IRQHandler)
    i.USART3_Init                            0x0800232c   Section        0  usart_dev.o(i.USART3_Init)
    i.USART_ClearITPendingBit                0x080023f0   Section        0  stm32f10x_usart.o(i.USART_ClearITPendingBit)
    i.USART_Cmd                              0x0800240e   Section        0  stm32f10x_usart.o(i.USART_Cmd)
    i.USART_DMACmd                           0x08002426   Section        0  stm32f10x_usart.o(i.USART_DMACmd)
    i.USART_DefInit                          0x08002438   Section        0  usart_dev.o(i.USART_DefInit)
    i.USART_DmaDone                          0x080024b8   Section        0  usart_dev.o(i.USART_DmaDone)
    i.USART_DmaTx                            0x080024c4   Section        0  usart_dev.o(i.USART_DmaTx)
    i.USART_GetDmaIsBusy                     0x08002510   Section        0  usart_dev.o(i.USART_GetDmaIsBusy)
    i.USART_GetITStatus                      0x0800251c   Section        0  stm32f10x_usart.o(i.USART_GetITStatus)
    i.USART_ITConfig                         0x08002570   Section        0  stm32f10x_usart.o(i.USART_ITConfig)
    i.USART_Init                             0x080025bc   Section        0  stm32f10x_usart.o(i.USART_Init)
    i.USART_InterruptServer                  0x08002694   Section        0  usart_dev.o(i.USART_InterruptServer)
    i.USART_ReceiveData                      0x080026dc   Section        0  stm32f10x_usart.o(i.USART_ReceiveData)
    i.USART_hoopcpy                          0x080026e6   Section        0  usart_dev.o(i.USART_hoopcpy)
    i.USART_readHoop                         0x0800270c   Section        0  usart_dev.o(i.USART_readHoop)
    i.USBWakeUp_IRQHandler                   0x08002798   Section        0  usb_it.o(i.USBWakeUp_IRQHandler)
    i.USB_Cable_Config                       0x080027a4   Section        0  hw_config.o(i.USB_Cable_Config)
    i.USB_Config                             0x080027c8   Section        0  hw_config.o(i.USB_Config)
    i.USB_Init                               0x080027dc   Section        0  usb_init.o(i.USB_Init)
    i.USB_Interrupts_Config                  0x08002818   Section        0  hw_config.o(i.USB_Interrupts_Config)
    i.USB_Istr                               0x0800284c   Section        0  usb_istr.o(i.USB_Istr)
    i.USB_LP_CAN1_RX0_IRQHandler             0x08002a1c   Section        0  usb_it.o(i.USB_LP_CAN1_RX0_IRQHandler)
    i.USB_SIL_Init                           0x08002a24   Section        0  usb_sil.o(i.USB_SIL_Init)
    i.USB_SIL_Read                           0x08002a48   Section        0  usb_sil.o(i.USB_SIL_Read)
    i.UsageFault_Handler                     0x08002a76   Section        0  stm32f10x_it.o(i.UsageFault_Handler)
    i.Usart_DmaTxCfg                         0x08002a7a   Section        0  usart_dev.o(i.Usart_DmaTxCfg)
    i.Usart_DmaUsart1Tx                      0x08002abc   Section        0  usart_dev.o(i.Usart_DmaUsart1Tx)
    i.Usart_DmaUsart2Tx                      0x08002b1c   Section        0  usart_dev.o(i.Usart_DmaUsart2Tx)
    i.Usart_DmaUsart3Tx                      0x08002b7c   Section        0  usart_dev.o(i.Usart_DmaUsart3Tx)
    i.UserToPMABufferCopy                    0x08002bdc   Section        0  usb_mem.o(i.UserToPMABufferCopy)
    i.Virtual_Com_Port_Data_Setup            0x08002c14   Section        0  usb_prop.o(i.Virtual_Com_Port_Data_Setup)
    i.Virtual_Com_Port_GetConfigDescriptor   0x08002c78   Section        0  usb_prop.o(i.Virtual_Com_Port_GetConfigDescriptor)
    i.Virtual_Com_Port_GetDeviceDescriptor   0x08002c8c   Section        0  usb_prop.o(i.Virtual_Com_Port_GetDeviceDescriptor)
    i.Virtual_Com_Port_GetLineCoding         0x08002ca0   Section        0  usb_prop.o(i.Virtual_Com_Port_GetLineCoding)
    i.Virtual_Com_Port_GetStringDescriptor   0x08002cbc   Section        0  usb_prop.o(i.Virtual_Com_Port_GetStringDescriptor)
    i.Virtual_Com_Port_Get_Interface_Setting 0x08002ce4   Section        0  usb_prop.o(i.Virtual_Com_Port_Get_Interface_Setting)
    i.Virtual_Com_Port_NoData_Setup          0x08002cfc   Section        0  usb_prop.o(i.Virtual_Com_Port_NoData_Setup)
    i.Virtual_Com_Port_Reset                 0x08002d24   Section        0  usb_prop.o(i.Virtual_Com_Port_Reset)
    i.Virtual_Com_Port_SetConfiguration      0x08002ec0   Section        0  usb_prop.o(i.Virtual_Com_Port_SetConfiguration)
    i.Virtual_Com_Port_SetDeviceAddress      0x08002ed8   Section        0  usb_prop.o(i.Virtual_Com_Port_SetDeviceAddress)
    i.Virtual_Com_Port_SetLineCoding         0x08002ee4   Section        0  usb_prop.o(i.Virtual_Com_Port_SetLineCoding)
    i.Virtual_Com_Port_Status_In             0x08002f00   Section        0  usb_prop.o(i.Virtual_Com_Port_Status_In)
    i.Virtual_Com_Port_Status_Out            0x08002f14   Section        0  usb_prop.o(i.Virtual_Com_Port_Status_Out)
    i.Virtual_Com_Port_init                  0x08002f18   Section        0  usb_prop.o(i.Virtual_Com_Port_init)
    i._UpIRQHandler                          0x08002f44   Section        0  bsp_tim.o(i._UpIRQHandler)
    _UpIRQHandler                            0x08002f45   Thumb Code    50  bsp_tim.o(i._UpIRQHandler)
    i.__scatterload_copy                     0x08002f80   Section       14  handlers.o(i.__scatterload_copy)
    i.__scatterload_null                     0x08002f8e   Section        2  handlers.o(i.__scatterload_null)
    i.__scatterload_zeroinit                 0x08002f90   Section       14  handlers.o(i.__scatterload_zeroinit)
    i.configture2Usart                       0x08002fa0   Section        0  usb_endp.o(i.configture2Usart)
    i.main                                   0x08002fd4   Section        0  app.o(i.main)
    i.usbcache_hoopcpy                       0x08003028   Section        0  usbcache.o(i.usbcache_hoopcpy)
    i.usbcache_init                          0x0800304c   Section        0  usbcache.o(i.usbcache_init)
    i.usbcache_pull                          0x08003080   Section        0  usbcache.o(i.usbcache_pull)
    i.usbcache_push                          0x0800310c   Section        0  usbcache.o(i.usbcache_push)
    .constdata                               0x08003158   Section        3  app.o(.constdata)
    COMn                                     0x08003158   Data           3  app.o(.constdata)
    .constdata                               0x0800315c   Section       48  bsp.o(.constdata)
    m_PortInfo                               0x0800315c   Data          48  bsp.o(.constdata)
    .constdata                               0x0800318c   Section       36  bsp_tim.o(.constdata)
    TIM_NUM                                  0x0800318c   Data          16  bsp_tim.o(.constdata)
    TIM_CLK                                  0x0800319c   Data          16  bsp_tim.o(.constdata)
    TIM_IRQn                                 0x080031ac   Data           4  bsp_tim.o(.constdata)
    .constdata                               0x080031b0   Section      291  usb_desc.o(.constdata)
    .constdata                               0x080032d4   Section       63  usb_endp.o(.constdata)
    ENDP_ADDR_TABLE                          0x080032d4   Data          56  usb_endp.o(.constdata)
    usbComId                                 0x0800330c   Data           7  usb_endp.o(.constdata)
    .data                                    0x20000000   Section       15  usart_dev.o(.data)
    dmaStatus                                0x2000000c   Data           3  usart_dev.o(.data)
    .data                                    0x2000000f   Section       20  stm32f10x_rcc.o(.data)
    APBAHBPrescTable                         0x2000000f   Data          16  stm32f10x_rcc.o(.data)
    ADCPrescTable                            0x2000001f   Data           4  stm32f10x_rcc.o(.data)
    .data                                    0x20000024   Section       12  hw_config.o(.data)
    .data                                    0x20000030   Section       38  usb_desc.o(.data)
    .data                                    0x20000056   Section        7  usb_endp.o(.data)
    beGoing                                  0x20000056   Data           7  usb_endp.o(.data)
    .data                                    0x20000060   Section       68  usb_istr.o(.data)
    .data                                    0x200000a4   Section      148  usb_prop.o(.data)
    .data                                    0x20000138   Section       12  usb_pwr.o(.data)
    .data                                    0x20000144   Section        3  usb_core.o(.data)
    .data                                    0x20000148   Section       20  usb_init.o(.data)
    .data                                    0x2000015c   Section        4  usb_int.o(.data)
    .bss                                     0x20000160   Section      192  app.o(.bss)
    dmaBuff                                  0x20000160   Data         192  app.o(.bss)
    .bss                                     0x20000220   Section       16  bsp_tim.o(.bss)
    TIM_CALLBACK                             0x20000220   Data          16  bsp_tim.o(.bss)
    .bss                                     0x20000230   Section     1004  usart_dev.o(.bss)
    rxbuff                                   0x20000230   Data         804  usart_dev.o(.bss)
    DebugBuff                                0x20000554   Data         200  usart_dev.o(.bss)
    .bss                                     0x2000061c   Section     9252  usbcache.o(.bss)
    usbCache                                 0x2000061c   Data        9252  usbcache.o(.bss)
    .bss                                     0x20002a40   Section      896  usb_endp.o(.bss)
    txBuff                                   0x20002a40   Data         448  usb_endp.o(.bss)
    rxBuff                                   0x20002c00   Data         448  usb_endp.o(.bss)
    .bss                                     0x20002dc0   Section       32  usb_pwr.o(.bss)
    .bss                                     0x20002de0   Section       28  usb_init.o(.bss)
    STACK                                    0x20002e00   Section     1024  startup_stm32f10x_hd.o(STACK)

    Global Symbols

    Symbol Name                              Value     Ov Type        Size  Object(Section)

    BuildAttributes$$THM_ISAv4$P$D$K$B$S$PE$A:L22UL41UL21$X:L11$S22US41US21$IEEE1$IW$USESV6$~STKCKD$USESV7$~SHL$OSPACE$ROPI$EBA8$MICROLIB$REQ8$PRES8$EABIv2 0x00000000   Number         0  anon$$obj.o ABSOLUTE
    __ARM_use_no_argv                        0x00000000   Number         0  app.o ABSOLUTE
    _printf_a                                0x00000000   Number         0  stubs.o ABSOLUTE
    _printf_c                                0x00000000   Number         0  stubs.o ABSOLUTE
    _printf_charcount                        0x00000000   Number         0  stubs.o ABSOLUTE
    _printf_d                                0x00000000   Number         0  stubs.o ABSOLUTE
    _printf_e                                0x00000000   Number         0  stubs.o ABSOLUTE
    _printf_f                                0x00000000   Number         0  stubs.o ABSOLUTE
    _printf_flags                            0x00000000   Number         0  stubs.o ABSOLUTE
    _printf_fp_dec                           0x00000000   Number         0  stubs.o ABSOLUTE
    _printf_fp_hex                           0x00000000   Number         0  stubs.o ABSOLUTE
    _printf_g                                0x00000000   Number         0  stubs.o ABSOLUTE
    _printf_i                                0x00000000   Number         0  stubs.o ABSOLUTE
    _printf_int_dec                          0x00000000   Number         0  stubs.o ABSOLUTE
    _printf_l                                0x00000000   Number         0  stubs.o ABSOLUTE
    _printf_lc                               0x00000000   Number         0  stubs.o ABSOLUTE
    _printf_ll                               0x00000000   Number         0  stubs.o ABSOLUTE
    _printf_lld                              0x00000000   Number         0  stubs.o ABSOLUTE
    _printf_lli                              0x00000000   Number         0  stubs.o ABSOLUTE
    _printf_llo                              0x00000000   Number         0  stubs.o ABSOLUTE
    _printf_llu                              0x00000000   Number         0  stubs.o ABSOLUTE
    _printf_llx                              0x00000000   Number         0  stubs.o ABSOLUTE
    _printf_longlong_dec                     0x00000000   Number         0  stubs.o ABSOLUTE
    _printf_longlong_hex                     0x00000000   Number         0  stubs.o ABSOLUTE
    _printf_longlong_oct                     0x00000000   Number         0  stubs.o ABSOLUTE
    _printf_ls                               0x00000000   Number         0  stubs.o ABSOLUTE
    _printf_mbtowc                           0x00000000   Number         0  stubs.o ABSOLUTE
    _printf_n                                0x00000000   Number         0  stubs.o ABSOLUTE
    _printf_o                                0x00000000   Number         0  stubs.o ABSOLUTE
    _printf_p                                0x00000000   Number         0  stubs.o ABSOLUTE
    _printf_percent                          0x00000000   Number         0  stubs.o ABSOLUTE
    _printf_pre_padding                      0x00000000   Number         0  stubs.o ABSOLUTE
    _printf_return_value                     0x00000000   Number         0  stubs.o ABSOLUTE
    _printf_s                                0x00000000   Number         0  stubs.o ABSOLUTE
    _printf_sizespec                         0x00000000   Number         0  stubs.o ABSOLUTE
    _printf_str                              0x00000000   Number         0  stubs.o ABSOLUTE
    _printf_truncate_signed                  0x00000000   Number         0  stubs.o ABSOLUTE
    _printf_truncate_unsigned                0x00000000   Number         0  stubs.o ABSOLUTE
    _printf_u                                0x00000000   Number         0  stubs.o ABSOLUTE
    _printf_wc                               0x00000000   Number         0  stubs.o ABSOLUTE
    _printf_wctomb                           0x00000000   Number         0  stubs.o ABSOLUTE
    _printf_widthprec                        0x00000000   Number         0  stubs.o ABSOLUTE
    _printf_x                                0x00000000   Number         0  stubs.o ABSOLUTE
    __cpp_initialize__aeabi_                  - Undefined Weak Reference
    __cxa_finalize                            - Undefined Weak Reference
    _clock_init                               - Undefined Weak Reference
    _microlib_exit                            - Undefined Weak Reference
    __Vectors_Size                           0x00000130   Number         0  startup_stm32f10x_hd.o ABSOLUTE
    __Vectors                                0x08000000   Data           4  startup_stm32f10x_hd.o(RESET)
    __Vectors_End                            0x08000130   Data           0  startup_stm32f10x_hd.o(RESET)
    __main                                   0x08000131   Thumb Code     0  entry.o(.ARM.Collect$$$$00000000)
    _main_stk                                0x08000131   Thumb Code     0  entry2.o(.ARM.Collect$$$$00000001)
    _main_scatterload                        0x08000135   Thumb Code     0  entry5.o(.ARM.Collect$$$$00000004)
    __main_after_scatterload                 0x08000139   Thumb Code     0  entry5.o(.ARM.Collect$$$$00000004)
    _main_clock                              0x08000139   Thumb Code     0  entry7b.o(.ARM.Collect$$$$00000008)
    _main_cpp_init                           0x08000139   Thumb Code     0  entry8b.o(.ARM.Collect$$$$0000000A)
    _main_init                               0x08000139   Thumb Code     0  entry9a.o(.ARM.Collect$$$$0000000B)
    __rt_final_cpp                           0x08000141   Thumb Code     0  entry10a.o(.ARM.Collect$$$$0000000D)
    __rt_final_exit                          0x08000141   Thumb Code     0  entry11a.o(.ARM.Collect$$$$0000000F)
    Reset_Handler                            0x08000145   Thumb Code     8  startup_stm32f10x_hd.o(.text)
    ADC1_2_IRQHandler                        0x0800015f   Thumb Code     0  startup_stm32f10x_hd.o(.text)
    ADC3_IRQHandler                          0x0800015f   Thumb Code     0  startup_stm32f10x_hd.o(.text)
    CAN1_RX1_IRQHandler                      0x0800015f   Thumb Code     0  startup_stm32f10x_hd.o(.text)
    CAN1_SCE_IRQHandler                      0x0800015f   Thumb Code     0  startup_stm32f10x_hd.o(.text)
    DMA1_Channel1_IRQHandler                 0x0800015f   Thumb Code     0  startup_stm32f10x_hd.o(.text)
    DMA1_Channel3_IRQHandler                 0x0800015f   Thumb Code     0  startup_stm32f10x_hd.o(.text)
    DMA1_Channel5_IRQHandler                 0x0800015f   Thumb Code     0  startup_stm32f10x_hd.o(.text)
    DMA1_Channel6_IRQHandler                 0x0800015f   Thumb Code     0  startup_stm32f10x_hd.o(.text)
    DMA2_Channel1_IRQHandler                 0x0800015f   Thumb Code     0  startup_stm32f10x_hd.o(.text)
    DMA2_Channel2_IRQHandler                 0x0800015f   Thumb Code     0  startup_stm32f10x_hd.o(.text)
    DMA2_Channel3_IRQHandler                 0x0800015f   Thumb Code     0  startup_stm32f10x_hd.o(.text)
    DMA2_Channel4_5_IRQHandler               0x0800015f   Thumb Code     0  startup_stm32f10x_hd.o(.text)
    EXTI0_IRQHandler                         0x0800015f   Thumb Code     0  startup_stm32f10x_hd.o(.text)
    EXTI15_10_IRQHandler                     0x0800015f   Thumb Code     0  startup_stm32f10x_hd.o(.text)
    EXTI1_IRQHandler                         0x0800015f   Thumb Code     0  startup_stm32f10x_hd.o(.text)
    EXTI2_IRQHandler                         0x0800015f   Thumb Code     0  startup_stm32f10x_hd.o(.text)
    EXTI3_IRQHandler                         0x0800015f   Thumb Code     0  startup_stm32f10x_hd.o(.text)
    EXTI4_IRQHandler                         0x0800015f   Thumb Code     0  startup_stm32f10x_hd.o(.text)
    EXTI9_5_IRQHandler                       0x0800015f   Thumb Code     0  startup_stm32f10x_hd.o(.text)
    FLASH_IRQHandler                         0x0800015f   Thumb Code     0  startup_stm32f10x_hd.o(.text)
    FSMC_IRQHandler                          0x0800015f   Thumb Code     0  startup_stm32f10x_hd.o(.text)
    I2C1_ER_IRQHandler                       0x0800015f   Thumb Code     0  startup_stm32f10x_hd.o(.text)
    I2C1_EV_IRQHandler                       0x0800015f   Thumb Code     0  startup_stm32f10x_hd.o(.text)
    I2C2_ER_IRQHandler                       0x0800015f   Thumb Code     0  startup_stm32f10x_hd.o(.text)
    I2C2_EV_IRQHandler                       0x0800015f   Thumb Code     0  startup_stm32f10x_hd.o(.text)
    PVD_IRQHandler                           0x0800015f   Thumb Code     0  startup_stm32f10x_hd.o(.text)
    RCC_IRQHandler                           0x0800015f   Thumb Code     0  startup_stm32f10x_hd.o(.text)
    RTCAlarm_IRQHandler                      0x0800015f   Thumb Code     0  startup_stm32f10x_hd.o(.text)
    RTC_IRQHandler                           0x0800015f   Thumb Code     0  startup_stm32f10x_hd.o(.text)
    SDIO_IRQHandler                          0x0800015f   Thumb Code     0  startup_stm32f10x_hd.o(.text)
    SPI1_IRQHandler                          0x0800015f   Thumb Code     0  startup_stm32f10x_hd.o(.text)
    SPI2_IRQHandler                          0x0800015f   Thumb Code     0  startup_stm32f10x_hd.o(.text)
    SPI3_IRQHandler                          0x0800015f   Thumb Code     0  startup_stm32f10x_hd.o(.text)
    TAMPER_IRQHandler                        0x0800015f   Thumb Code     0  startup_stm32f10x_hd.o(.text)
    TIM1_BRK_IRQHandler                      0x0800015f   Thumb Code     0  startup_stm32f10x_hd.o(.text)
    TIM1_CC_IRQHandler                       0x0800015f   Thumb Code     0  startup_stm32f10x_hd.o(.text)
    TIM1_TRG_COM_IRQHandler                  0x0800015f   Thumb Code     0  startup_stm32f10x_hd.o(.text)
    TIM5_IRQHandler                          0x0800015f   Thumb Code     0  startup_stm32f10x_hd.o(.text)
    TIM6_IRQHandler                          0x0800015f   Thumb Code     0  startup_stm32f10x_hd.o(.text)
    TIM7_IRQHandler                          0x0800015f   Thumb Code     0  startup_stm32f10x_hd.o(.text)
    TIM8_BRK_IRQHandler                      0x0800015f   Thumb Code     0  startup_stm32f10x_hd.o(.text)
    TIM8_CC_IRQHandler                       0x0800015f   Thumb Code     0  startup_stm32f10x_hd.o(.text)
    TIM8_TRG_COM_IRQHandler                  0x0800015f   Thumb Code     0  startup_stm32f10x_hd.o(.text)
    TIM8_UP_IRQHandler                       0x0800015f   Thumb Code     0  startup_stm32f10x_hd.o(.text)
    UART4_IRQHandler                         0x0800015f   Thumb Code     0  startup_stm32f10x_hd.o(.text)
    UART5_IRQHandler                         0x0800015f   Thumb Code     0  startup_stm32f10x_hd.o(.text)
    USB_HP_CAN1_TX_IRQHandler                0x0800015f   Thumb Code     0  startup_stm32f10x_hd.o(.text)
    WWDG_IRQHandler                          0x0800015f   Thumb Code     0  startup_stm32f10x_hd.o(.text)
    __scatterload                            0x08000169   Thumb Code    28  init.o(.text)
    __scatterload_rt2                        0x08000169   Thumb Code     0  init.o(.text)
    __decompress                             0x0800018d   Thumb Code     0  __dczerorl2.o(.text)
    __decompress1                            0x0800018d   Thumb Code    86  __dczerorl2.o(.text)
    BSP_Init                                 0x080001e3   Thumb Code    12  bsp.o(i.BSP_Init)
    BusFault_Handler                         0x080001ef   Thumb Code     4  stm32f10x_it.o(i.BusFault_Handler)
    ByteSwap                                 0x080001f3   Thumb Code    12  usb_regs.o(i.ByteSwap)
    CTR_LP                                   0x08000201   Thumb Code   616  usb_int.o(i.CTR_LP)
    ClearDTOG_RX                             0x08000489   Thumb Code    48  usb_regs.o(i.ClearDTOG_RX)
    ClearDTOG_TX                             0x080004bd   Thumb Code    48  usb_regs.o(i.ClearDTOG_TX)
    Clear_Status_Out                         0x080004f1   Thumb Code    34  usb_regs.o(i.Clear_Status_Out)
    DMA1_Channel2_IRQHandler                 0x08000519   Thumb Code    66  usart_dev.o(i.DMA1_Channel2_IRQHandler)
    DMA1_Channel4_IRQHandler                 0x08000561   Thumb Code    68  usart_dev.o(i.DMA1_Channel4_IRQHandler)
    DMA1_Channel7_IRQHandler                 0x080005a9   Thumb Code    70  usart_dev.o(i.DMA1_Channel7_IRQHandler)
    DMA_ClearFlag                            0x080005f5   Thumb Code    18  stm32f10x_dma.o(i.DMA_ClearFlag)
    DMA_Cmd                                  0x08000611   Thumb Code    24  stm32f10x_dma.o(i.DMA_Cmd)
    DMA_DeInit                               0x08000629   Thumb Code   324  stm32f10x_dma.o(i.DMA_DeInit)
    DMA_GetITStatus                          0x08000775   Thumb Code    36  stm32f10x_dma.o(i.DMA_GetITStatus)
    DMA_ITConfig                             0x080007a1   Thumb Code    18  stm32f10x_dma.o(i.DMA_ITConfig)
    DMA_Init                                 0x080007b3   Thumb Code    60  stm32f10x_dma.o(i.DMA_Init)
    DebugMon_Handler                         0x08000bf1   Thumb Code     2  stm32f10x_it.o(i.DebugMon_Handler)
    EP1_IN_Callback                          0x08000bf3   Thumb Code    10  usb_endp.o(i.EP1_IN_Callback)
    EP1_OUT_Callback                         0x08000bfd   Thumb Code    10  usb_endp.o(i.EP1_OUT_Callback)
    EP2_OUT_Callback                         0x08000c07   Thumb Code    10  usb_endp.o(i.EP2_OUT_Callback)
    EP3_IN_Callback                          0x08000c11   Thumb Code    10  usb_endp.o(i.EP3_IN_Callback)
    EP3_OUT_Callback                         0x08000c1b   Thumb Code    10  usb_endp.o(i.EP3_OUT_Callback)
    EP4_OUT_Callback                         0x08000c25   Thumb Code    10  usb_endp.o(i.EP4_OUT_Callback)
    EP5_IN_Callback                          0x08000c2f   Thumb Code    10  usb_endp.o(i.EP5_IN_Callback)
    EP5_OUT_Callback                         0x08000c39   Thumb Code    10  usb_endp.o(i.EP5_OUT_Callback)
    EP6_OUT_Callback                         0x08000c43   Thumb Code    10  usb_endp.o(i.EP6_OUT_Callback)
    EXTI_ClearITPendingBit                   0x08000c4d   Thumb Code     6  stm32f10x_exti.o(i.EXTI_ClearITPendingBit)
    EXTI_Init                                0x08000c59   Thumb Code   142  stm32f10x_exti.o(i.EXTI_Init)
    GPIO_Configuration                       0x08000ced   Thumb Code   136  bsp.o(i.GPIO_Configuration)
    GPIO_Init                                0x08000d79   Thumb Code   278  stm32f10x_gpio.o(i.GPIO_Init)
    GPIO_PinRemapConfig                      0x08000e91   Thumb Code   138  stm32f10x_gpio.o(i.GPIO_PinRemapConfig)
    GPIO_ResetBits                           0x08000f21   Thumb Code     4  stm32f10x_gpio.o(i.GPIO_ResetBits)
    GPIO_SetBits                             0x08000f25   Thumb Code     4  stm32f10x_gpio.o(i.GPIO_SetBits)
    GetEPRxAddr                              0x08000f29   Thumb Code    24  usb_regs.o(i.GetEPRxAddr)
    GetEPRxCount                             0x08000f49   Thumb Code    26  usb_regs.o(i.GetEPRxCount)
    GetEPTxAddr                              0x08000f6d   Thumb Code    22  usb_regs.o(i.GetEPTxAddr)
    Get_SerialNum                            0x08000f8d   Thumb Code    42  hw_config.o(i.Get_SerialNum)
    HardFault_Handler                        0x08000fc1   Thumb Code     4  stm32f10x_it.o(i.HardFault_Handler)
    In0_Process                              0x08000fc5   Thumb Code    98  usb_core.o(i.In0_Process)
    Leave_LowPowerMode                       0x08001075   Thumb Code    22  hw_config.o(i.Leave_LowPowerMode)
    MemManage_Handler                        0x08001095   Thumb Code     4  stm32f10x_it.o(i.MemManage_Handler)
    MoveDataBuffer2Usb                       0x08001099   Thumb Code   134  usb_endp.o(i.MoveDataBuffer2Usb)
    MoveDataUsb2Buffer                       0x08001131   Thumb Code    58  usb_endp.o(i.MoveDataUsb2Buffer)
    NMI_Handler                              0x08001179   Thumb Code     2  stm32f10x_it.o(i.NMI_Handler)
    NOP_Process                              0x0800117b   Thumb Code     2  usb_core.o(i.NOP_Process)
    NVIC_Configuration                       0x0800117d   Thumb Code    12  bsp.o(i.NVIC_Configuration)
    NVIC_Init                                0x08001189   Thumb Code   100  misc.o(i.NVIC_Init)
    NVIC_PriorityGroupConfig                 0x080011f9   Thumb Code    10  misc.o(i.NVIC_PriorityGroupConfig)
    Out0_Process                             0x08001345   Thumb Code    70  usb_core.o(i.Out0_Process)
    PMAToUserBufferCopy                      0x08001395   Thumb Code    34  usb_mem.o(i.PMAToUserBufferCopy)
    PendSV_Handler                           0x080013bd   Thumb Code     2  stm32f10x_it.o(i.PendSV_Handler)
    Post0_Process                            0x080013c1   Thumb Code    50  usb_core.o(i.Post0_Process)
    PowerOn                                  0x08001401   Thumb Code    54  usb_pwr.o(i.PowerOn)
    RCC_AHBPeriphClockCmd                    0x08001441   Thumb Code    26  stm32f10x_rcc.o(i.RCC_AHBPeriphClockCmd)
    RCC_APB1PeriphClockCmd                   0x08001461   Thumb Code    26  stm32f10x_rcc.o(i.RCC_APB1PeriphClockCmd)
    RCC_APB2PeriphClockCmd                   0x08001481   Thumb Code    26  stm32f10x_rcc.o(i.RCC_APB2PeriphClockCmd)
    RCC_GetClocksFreq                        0x080014a1   Thumb Code   192  stm32f10x_rcc.o(i.RCC_GetClocksFreq)
    RCC_USBCLKConfig                         0x08001575   Thumb Code     6  stm32f10x_rcc.o(i.RCC_USBCLKConfig)
    Resume                                   0x08001581   Thumb Code   194  usb_pwr.o(i.Resume)
    Resume_Init                              0x08001651   Thumb Code    30  usb_pwr.o(i.Resume_Init)
    SOF_Callback                             0x08001675   Thumb Code     2  usb_endp.o(i.SOF_Callback)
    SVC_Handler                              0x08001677   Thumb Code     2  stm32f10x_it.o(i.SVC_Handler)
    SetBTABLE                                0x08001679   Thumb Code    12  usb_regs.o(i.SetBTABLE)
    SetDeviceAddress                         0x08001689   Thumb Code    68  usb_core.o(i.SetDeviceAddress)
    SetEPRxAddr                              0x080016d9   Thumb Code    26  usb_regs.o(i.SetEPRxAddr)
    SetEPRxCount                             0x080016fd   Thumb Code    68  usb_regs.o(i.SetEPRxCount)
    SetEPRxStatus                            0x08001749   Thumb Code    60  usb_regs.o(i.SetEPRxStatus)
    SetEPRxValid                             0x08001789   Thumb Code    48  usb_regs.o(i.SetEPRxValid)
    SetEPTxAddr                              0x080017bd   Thumb Code    24  usb_regs.o(i.SetEPTxAddr)
    SetEPTxCount                             0x080017dd   Thumb Code    20  usb_regs.o(i.SetEPTxCount)
    SetEPTxStatus                            0x080017f9   Thumb Code    60  usb_regs.o(i.SetEPTxStatus)
    SetEPTxValid                             0x08001839   Thumb Code    48  usb_regs.o(i.SetEPTxValid)
    SetEPType                                0x0800186d   Thumb Code    32  usb_regs.o(i.SetEPType)
    Set_System                               0x08001979   Thumb Code    70  hw_config.o(i.Set_System)
    Set_USBClock                             0x080019c9   Thumb Code    18  hw_config.o(i.Set_USBClock)
    Setup0_Process                           0x080019dd   Thumb Code   170  usb_core.o(i.Setup0_Process)
    Standard_ClearFeature                    0x08001a95   Thumb Code   338  usb_core.o(i.Standard_ClearFeature)
    Standard_GetConfiguration                0x08001bf9   Thumb Code    34  usb_core.o(i.Standard_GetConfiguration)
    Standard_GetDescriptorData               0x08001c25   Thumb Code    32  usb_core.o(i.Standard_GetDescriptorData)
    Standard_GetInterface                    0x08001c49   Thumb Code    34  usb_core.o(i.Standard_GetInterface)
    Standard_GetStatus                       0x08001c75   Thumb Code   238  usb_core.o(i.Standard_GetStatus)
    Standard_SetConfiguration                0x08001d75   Thumb Code    60  usb_core.o(i.Standard_SetConfiguration)
    Standard_SetDeviceFeature                0x08001dbd   Thumb Code    30  usb_core.o(i.Standard_SetDeviceFeature)
    Standard_SetEndPointFeature              0x08001de5   Thumb Code   192  usb_core.o(i.Standard_SetEndPointFeature)
    Standard_SetInterface                    0x08001eb5   Thumb Code    96  usb_core.o(i.Standard_SetInterface)
    Suspend                                  0x08001f21   Thumb Code   238  usb_pwr.o(i.Suspend)
    SysTick_Handler                          0x08002025   Thumb Code     2  stm32f10x_it.o(i.SysTick_Handler)
    SystemInit                               0x08002029   Thumb Code    78  system_stm32f10x.o(i.SystemInit)
    TIM1_UP_IRQHandler                       0x08002089   Thumb Code    10  bsp_tim.o(i.TIM1_UP_IRQHandler)
    TIM2_IRQHandler                          0x08002093   Thumb Code    10  bsp_tim.o(i.TIM2_IRQHandler)
    TIM3_IRQHandler                          0x0800209d   Thumb Code    10  bsp_tim.o(i.TIM3_IRQHandler)
    TIM4_IRQHandler                          0x080020a7   Thumb Code    10  bsp_tim.o(i.TIM4_IRQHandler)
    TIM_ClearITPendingBit                    0x080020b1   Thumb Code     6  stm32f10x_tim.o(i.TIM_ClearITPendingBit)
    TIM_GetITStatus                          0x080020b7   Thumb Code    34  stm32f10x_tim.o(i.TIM_GetITStatus)
    USART1_IRQHandler                        0x080020d9   Thumb Code    76  usart_dev.o(i.USART1_IRQHandler)
    USART2_IRQHandler                        0x080021dd   Thumb Code    76  usart_dev.o(i.USART2_IRQHandler)
    USART3_IRQHandler                        0x080022dd   Thumb Code    76  usart_dev.o(i.USART3_IRQHandler)
    USART3_Init                              0x0800232d   Thumb Code   184  usart_dev.o(i.USART3_Init)
    USART_ClearITPendingBit                  0x080023f1   Thumb Code    30  stm32f10x_usart.o(i.USART_ClearITPendingBit)
    USART_Cmd                                0x0800240f   Thumb Code    24  stm32f10x_usart.o(i.USART_Cmd)
    USART_DMACmd                             0x08002427   Thumb Code    18  stm32f10x_usart.o(i.USART_DMACmd)
    USART_DefInit                            0x08002439   Thumb Code   122  usart_dev.o(i.USART_DefInit)
    USART_DmaDone                            0x080024b9   Thumb Code     8  usart_dev.o(i.USART_DmaDone)
    USART_DmaTx                              0x080024c5   Thumb Code    72  usart_dev.o(i.USART_DmaTx)
    USART_GetDmaIsBusy                       0x08002511   Thumb Code     8  usart_dev.o(i.USART_GetDmaIsBusy)
    USART_GetITStatus                        0x0800251d   Thumb Code    84  stm32f10x_usart.o(i.USART_GetITStatus)
    USART_ITConfig                           0x08002571   Thumb Code    74  stm32f10x_usart.o(i.USART_ITConfig)
    USART_Init                               0x080025bd   Thumb Code   210  stm32f10x_usart.o(i.USART_Init)
    USART_InterruptServer                    0x08002695   Thumb Code    66  usart_dev.o(i.USART_InterruptServer)
    USART_ReceiveData                        0x080026dd   Thumb Code    10  stm32f10x_usart.o(i.USART_ReceiveData)
    USART_hoopcpy                            0x080026e7   Thumb Code    36  usart_dev.o(i.USART_hoopcpy)
    USART_readHoop                           0x0800270d   Thumb Code   134  usart_dev.o(i.USART_readHoop)
    USBWakeUp_IRQHandler                     0x08002799   Thumb Code    12  usb_it.o(i.USBWakeUp_IRQHandler)
    USB_Cable_Config                         0x080027a5   Thumb Code    30  hw_config.o(i.USB_Cable_Config)
    USB_Config                               0x080027c9   Thumb Code    20  hw_config.o(i.USB_Config)
    USB_Init                                 0x080027dd   Thumb Code    36  usb_init.o(i.USB_Init)
    USB_Interrupts_Config                    0x08002819   Thumb Code    52  hw_config.o(i.USB_Interrupts_Config)
    USB_Istr                                 0x0800284d   Thumb Code   426  usb_istr.o(i.USB_Istr)
    USB_LP_CAN1_RX0_IRQHandler               0x08002a1d   Thumb Code     8  usb_it.o(i.USB_LP_CAN1_RX0_IRQHandler)
    USB_SIL_Init                             0x08002a25   Thumb Code    28  usb_sil.o(i.USB_SIL_Init)
    USB_SIL_Read                             0x08002a49   Thumb Code    46  usb_sil.o(i.USB_SIL_Read)
    UsageFault_Handler                       0x08002a77   Thumb Code     4  stm32f10x_it.o(i.UsageFault_Handler)
    Usart_DmaTxCfg                           0x08002a7b   Thumb Code    66  usart_dev.o(i.Usart_DmaTxCfg)
    Usart_DmaUsart1Tx                        0x08002abd   Thumb Code    86  usart_dev.o(i.Usart_DmaUsart1Tx)
    Usart_DmaUsart2Tx                        0x08002b1d   Thumb Code    88  usart_dev.o(i.Usart_DmaUsart2Tx)
    Usart_DmaUsart3Tx                        0x08002b7d   Thumb Code    88  usart_dev.o(i.Usart_DmaUsart3Tx)
    UserToPMABufferCopy                      0x08002bdd   Thumb Code    52  usb_mem.o(i.UserToPMABufferCopy)
    Virtual_Com_Port_Data_Setup              0x08002c15   Thumb Code    82  usb_prop.o(i.Virtual_Com_Port_Data_Setup)
    Virtual_Com_Port_GetConfigDescriptor     0x08002c79   Thumb Code    14  usb_prop.o(i.Virtual_Com_Port_GetConfigDescriptor)
    Virtual_Com_Port_GetDeviceDescriptor     0x08002c8d   Thumb Code    14  usb_prop.o(i.Virtual_Com_Port_GetDeviceDescriptor)
    Virtual_Com_Port_GetLineCoding           0x08002ca1   Thumb Code    20  usb_prop.o(i.Virtual_Com_Port_GetLineCoding)
    Virtual_Com_Port_GetStringDescriptor     0x08002cbd   Thumb Code    32  usb_prop.o(i.Virtual_Com_Port_GetStringDescriptor)
    Virtual_Com_Port_Get_Interface_Setting   0x08002ce5   Thumb Code    22  usb_prop.o(i.Virtual_Com_Port_Get_Interface_Setting)
    Virtual_Com_Port_NoData_Setup            0x08002cfd   Thumb Code    36  usb_prop.o(i.Virtual_Com_Port_NoData_Setup)
    Virtual_Com_Port_Reset                   0x08002d25   Thumb Code   398  usb_prop.o(i.Virtual_Com_Port_Reset)
    Virtual_Com_Port_SetConfiguration        0x08002ec1   Thumb Code    14  usb_prop.o(i.Virtual_Com_Port_SetConfiguration)
    Virtual_Com_Port_SetDeviceAddress        0x08002ed9   Thumb Code     8  usb_prop.o(i.Virtual_Com_Port_SetDeviceAddress)
    Virtual_Com_Port_SetLineCoding           0x08002ee5   Thumb Code    20  usb_prop.o(i.Virtual_Com_Port_SetLineCoding)
    Virtual_Com_Port_Status_In               0x08002f01   Thumb Code    16  usb_prop.o(i.Virtual_Com_Port_Status_In)
    Virtual_Com_Port_Status_Out              0x08002f15   Thumb Code     2  usb_prop.o(i.Virtual_Com_Port_Status_Out)
    Virtual_Com_Port_init                    0x08002f19   Thumb Code    34  usb_prop.o(i.Virtual_Com_Port_init)
    __scatterload_copy                       0x08002f81   Thumb Code    14  handlers.o(i.__scatterload_copy)
    __scatterload_null                       0x08002f8f   Thumb Code     2  handlers.o(i.__scatterload_null)
    __scatterload_zeroinit                   0x08002f91   Thumb Code    14  handlers.o(i.__scatterload_zeroinit)
    configture2Usart                         0x08002fa1   Thumb Code    42  usb_endp.o(i.configture2Usart)
    main                                     0x08002fd5   Thumb Code    76  app.o(i.main)
    usbcache_hoopcpy                         0x08003029   Thumb Code    34  usbcache.o(i.usbcache_hoopcpy)
    usbcache_init                            0x0800304d   Thumb Code    48  usbcache.o(i.usbcache_init)
    usbcache_pull                            0x08003081   Thumb Code   134  usbcache.o(i.usbcache_pull)
    usbcache_push                            0x0800310d   Thumb Code    72  usbcache.o(i.usbcache_push)
    Virtual_Com_Port_DeviceDescriptor        0x080031b0   Data          18  usb_desc.o(.constdata)
    Virtual_Com_Port_ConfigDescriptor        0x080031c2   Data         207  usb_desc.o(.constdata)
    Virtual_Com_Port_StringLangID            0x08003291   Data           4  usb_desc.o(.constdata)
    Virtual_Com_Port_StringVendor            0x08003295   Data          24  usb_desc.o(.constdata)
    Virtual_Com_Port_StringProduct           0x080032ad   Data          38  usb_desc.o(.constdata)
    Region$$Table$$Base                      0x08003314   Number         0  anon$$obj.o(Region$$Table)
    Region$$Table$$Limit                     0x08003334   Number         0  anon$$obj.o(Region$$Table)
    USARTtable                               0x20000000   Data          12  usart_dev.o(.data)
    HSEStartUpStatus                         0x20000024   Data           1  hw_config.o(.data)
    EXTI_InitStructure                       0x20000028   Data           8  hw_config.o(.data)
    Virtual_Com_Port_StringSerial            0x20000030   Data          38  usb_desc.o(.data)
    wIstr                                    0x20000060   Data           2  usb_istr.o(.data)
    bIntPackSOF                              0x20000062   Data           1  usb_istr.o(.data)
    esof_counter                             0x20000064   Data           4  usb_istr.o(.data)
    wCNTR                                    0x20000068   Data           4  usb_istr.o(.data)
    pEpInt_IN                                0x2000006c   Data          28  usb_istr.o(.data)
    pEpInt_OUT                               0x20000088   Data          28  usb_istr.o(.data)
    Request                                  0x200000a4   Data           1  usb_prop.o(.data)
    linecoding                               0x200000a8   Data           8  usb_prop.o(.data)
    Device_Table                             0x200000b0   Data           2  usb_prop.o(.data)
    Device_Property                          0x200000b4   Data          48  usb_prop.o(.data)
    User_Standard_Requests                   0x200000e4   Data          36  usb_prop.o(.data)
    Device_Descriptor                        0x20000108   Data           8  usb_prop.o(.data)
    Config_Descriptor                        0x20000110   Data           8  usb_prop.o(.data)
    String_Descriptor                        0x20000118   Data          32  usb_prop.o(.data)
    bDeviceState                             0x20000138   Data           4  usb_pwr.o(.data)
    fSuspendEnabled                          0x2000013c   Data           1  usb_pwr.o(.data)
    ResumeS                                  0x2000013d   Data           2  usb_pwr.o(.data)
    remotewakeupon                           0x20000140   Data           4  usb_pwr.o(.data)
    StatusInfo                               0x20000144   Data           2  usb_core.o(.data)
    Data_Mul_MaxPacketSize                   0x20000146   Data           1  usb_core.o(.data)
    EPindex                                  0x20000148   Data           1  usb_init.o(.data)
    pInformation                             0x2000014c   Data           4  usb_init.o(.data)
    pProperty                                0x20000150   Data           4  usb_init.o(.data)
    SaveState                                0x20000154   Data           2  usb_init.o(.data)
    wInterrupt_Mask                          0x20000156   Data           2  usb_init.o(.data)
    pUser_Standard_Requests                  0x20000158   Data           4  usb_init.o(.data)
    SaveRState                               0x2000015c   Data           2  usb_int.o(.data)
    SaveTState                               0x2000015e   Data           2  usb_int.o(.data)
    EP                                       0x20002dc0   Data          32  usb_pwr.o(.bss)
    Device_Info                              0x20002de0   Data          28  usb_init.o(.bss)
    __initial_sp                             0x20003200   Data           0  startup_stm32f10x_hd.o(STACK)



==============================================================================

Memory Map of the image

  Image Entry point : 0x08000131

  Load Region LR_IROM1 (Base: 0x08000000, Size: 0x00003494, Max: 0x00010000, ABSOLUTE, COMPRESSED[0x000033f0])

    Execution Region ER_IROM1 (Base: 0x08000000, Size: 0x00003334, Max: 0x00010000, ABSOLUTE)

    Base Addr    Size         Type   Attr      Idx    E Section Name        Object

    0x08000000   0x00000130   Data   RO         3201    RESET               startup_stm32f10x_hd.o
    0x08000130   0x00000000   Code   RO         4598  * .ARM.Collect$$$$00000000  mc_w.l(entry.o)
    0x08000130   0x00000004   Code   RO         4866    .ARM.Collect$$$$00000001  mc_w.l(entry2.o)
    0x08000134   0x00000004   Code   RO         4869    .ARM.Collect$$$$00000004  mc_w.l(entry5.o)
    0x08000138   0x00000000   Code   RO         4871    .ARM.Collect$$$$00000008  mc_w.l(entry7b.o)
    0x08000138   0x00000000   Code   RO         4873    .ARM.Collect$$$$0000000A  mc_w.l(entry8b.o)
    0x08000138   0x00000008   Code   RO         4874    .ARM.Collect$$$$0000000B  mc_w.l(entry9a.o)
    0x08000140   0x00000000   Code   RO         4876    .ARM.Collect$$$$0000000D  mc_w.l(entry10a.o)
    0x08000140   0x00000000   Code   RO         4878    .ARM.Collect$$$$0000000F  mc_w.l(entry11a.o)
    0x08000140   0x00000004   Code   RO         4867    .ARM.Collect$$$$00002712  mc_w.l(entry2.o)
    0x08000144   0x00000024   Code   RO         3202    .text               startup_stm32f10x_hd.o
    0x08000168   0x00000024   Code   RO         4898    .text               mc_w.l(init.o)
    0x0800018c   0x00000056   Code   RO         4918    .text               mc_w.l(__dczerorl2.o)
    0x080001e2   0x0000000c   Code   RO          121    i.BSP_Init          bsp.o
    0x080001ee   0x00000004   Code   RO         2773    i.BusFault_Handler  stm32f10x_it.o
    0x080001f2   0x0000000c   Code   RO         4193    i.ByteSwap          usb_regs.o
    0x080001fe   0x00000002   PAD
    0x08000200   0x00000288   Code   RO         4122    i.CTR_LP            usb_int.o
    0x08000488   0x00000034   Code   RO         4194    i.ClearDTOG_RX      usb_regs.o
    0x080004bc   0x00000034   Code   RO         4195    i.ClearDTOG_TX      usb_regs.o
    0x080004f0   0x00000028   Code   RO         4200    i.Clear_Status_Out  usb_regs.o
    0x08000518   0x00000048   Code   RO          332    i.DMA1_Channel2_IRQHandler  usart_dev.o
    0x08000560   0x00000048   Code   RO          333    i.DMA1_Channel4_IRQHandler  usart_dev.o
    0x080005a8   0x0000004c   Code   RO          334    i.DMA1_Channel7_IRQHandler  usart_dev.o
    0x080005f4   0x0000001c   Code   RO         1131    i.DMA_ClearFlag     stm32f10x_dma.o
    0x08000610   0x00000018   Code   RO         1133    i.DMA_Cmd           stm32f10x_dma.o
    0x08000628   0x0000014c   Code   RO         1134    i.DMA_DeInit        stm32f10x_dma.o
    0x08000774   0x0000002c   Code   RO         1137    i.DMA_GetITStatus   stm32f10x_dma.o
    0x080007a0   0x00000012   Code   RO         1138    i.DMA_ITConfig      stm32f10x_dma.o
    0x080007b2   0x0000003c   Code   RO         1139    i.DMA_Init          stm32f10x_dma.o
    0x080007ee   0x00000002   PAD
    0x080007f0   0x000000c0   Code   RO         3955    i.DataStageIn       usb_core.o
    0x080008b0   0x000000bc   Code   RO         3956    i.DataStageOut      usb_core.o
    0x0800096c   0x00000284   Code   RO         3957    i.Data_Setup0       usb_core.o
    0x08000bf0   0x00000002   Code   RO         2774    i.DebugMon_Handler  stm32f10x_it.o
    0x08000bf2   0x0000000a   Code   RO         3624    i.EP1_IN_Callback   usb_endp.o
    0x08000bfc   0x0000000a   Code   RO         3625    i.EP1_OUT_Callback  usb_endp.o
    0x08000c06   0x0000000a   Code   RO         3626    i.EP2_OUT_Callback  usb_endp.o
    0x08000c10   0x0000000a   Code   RO         3627    i.EP3_IN_Callback   usb_endp.o
    0x08000c1a   0x0000000a   Code   RO         3628    i.EP3_OUT_Callback  usb_endp.o
    0x08000c24   0x0000000a   Code   RO         3629    i.EP4_OUT_Callback  usb_endp.o
    0x08000c2e   0x0000000a   Code   RO         3630    i.EP5_IN_Callback   usb_endp.o
    0x08000c38   0x0000000a   Code   RO         3631    i.EP5_OUT_Callback  usb_endp.o
    0x08000c42   0x0000000a   Code   RO         3632    i.EP6_OUT_Callback  usb_endp.o
    0x08000c4c   0x0000000c   Code   RO         1216    i.EXTI_ClearITPendingBit  stm32f10x_exti.o
    0x08000c58   0x00000094   Code   RO         1221    i.EXTI_Init         stm32f10x_exti.o
    0x08000cec   0x0000008c   Code   RO          125    i.GPIO_Configuration  bsp.o
    0x08000d78   0x00000116   Code   RO         1476    i.GPIO_Init         stm32f10x_gpio.o
    0x08000e8e   0x00000002   PAD
    0x08000e90   0x00000090   Code   RO         1478    i.GPIO_PinRemapConfig  stm32f10x_gpio.o
    0x08000f20   0x00000004   Code   RO         1483    i.GPIO_ResetBits    stm32f10x_gpio.o
    0x08000f24   0x00000004   Code   RO         1484    i.GPIO_SetBits      stm32f10x_gpio.o
    0x08000f28   0x00000020   Code   RO         4212    i.GetEPRxAddr       usb_regs.o
    0x08000f48   0x00000024   Code   RO         4213    i.GetEPRxCount      usb_regs.o
    0x08000f6c   0x00000020   Code   RO         4215    i.GetEPTxAddr       usb_regs.o
    0x08000f8c   0x00000034   Code   RO         3480    i.Get_SerialNum     hw_config.o
    0x08000fc0   0x00000004   Code   RO         2775    i.HardFault_Handler  stm32f10x_it.o
    0x08000fc4   0x00000070   Code   RO         3958    i.In0_Process       usb_core.o
    0x08001034   0x0000003e   Code   RO         3481    i.IntToUnicode      hw_config.o
    0x08001072   0x00000002   PAD
    0x08001074   0x00000020   Code   RO         3482    i.Leave_LowPowerMode  hw_config.o
    0x08001094   0x00000004   Code   RO         2776    i.MemManage_Handler  stm32f10x_it.o
    0x08001098   0x00000098   Code   RO         3633    i.MoveDataBuffer2Usb  usb_endp.o
    0x08001130   0x00000048   Code   RO         3634    i.MoveDataUsb2Buffer  usb_endp.o
    0x08001178   0x00000002   Code   RO         2777    i.NMI_Handler       stm32f10x_it.o
    0x0800117a   0x00000002   Code   RO         3959    i.NOP_Process       usb_core.o
    0x0800117c   0x0000000c   Code   RO          127    i.NVIC_Configuration  bsp.o
    0x08001188   0x00000070   Code   RO          583    i.NVIC_Init         misc.o
    0x080011f8   0x00000014   Code   RO          584    i.NVIC_PriorityGroupConfig  misc.o
    0x0800120c   0x00000138   Code   RO         3960    i.NoData_Setup0     usb_core.o
    0x08001344   0x00000050   Code   RO         3961    i.Out0_Process      usb_core.o
    0x08001394   0x00000028   Code   RO         4163    i.PMAToUserBufferCopy  usb_mem.o
    0x080013bc   0x00000002   Code   RO         2778    i.PendSV_Handler    stm32f10x_it.o
    0x080013be   0x00000002   PAD
    0x080013c0   0x00000040   Code   RO         3962    i.Post0_Process     usb_core.o
    0x08001400   0x00000040   Code   RO         3901    i.PowerOn           usb_pwr.o
    0x08001440   0x00000020   Code   RO         1651    i.RCC_AHBPeriphClockCmd  stm32f10x_rcc.o
    0x08001460   0x00000020   Code   RO         1652    i.RCC_APB1PeriphClockCmd  stm32f10x_rcc.o
    0x08001480   0x00000020   Code   RO         1654    i.RCC_APB2PeriphClockCmd  stm32f10x_rcc.o
    0x080014a0   0x000000d4   Code   RO         1662    i.RCC_GetClocksFreq  stm32f10x_rcc.o
    0x08001574   0x0000000c   Code   RO         1680    i.RCC_USBCLKConfig  stm32f10x_rcc.o
    0x08001580   0x000000d0   Code   RO         3902    i.Resume            usb_pwr.o
    0x08001650   0x00000024   Code   RO         3903    i.Resume_Init       usb_pwr.o
    0x08001674   0x00000002   Code   RO         3635    i.SOF_Callback      usb_endp.o
    0x08001676   0x00000002   Code   RO         2779    i.SVC_Handler       stm32f10x_it.o
    0x08001678   0x00000010   Code   RO         4223    i.SetBTABLE         usb_regs.o
    0x08001688   0x00000050   Code   RO         3963    i.SetDeviceAddress  usb_core.o
    0x080016d8   0x00000024   Code   RO         4237    i.SetEPRxAddr       usb_regs.o
    0x080016fc   0x0000004c   Code   RO         4238    i.SetEPRxCount      usb_regs.o
    0x08001748   0x00000040   Code   RO         4239    i.SetEPRxStatus     usb_regs.o
    0x08001788   0x00000034   Code   RO         4240    i.SetEPRxValid      usb_regs.o
    0x080017bc   0x00000020   Code   RO         4241    i.SetEPTxAddr       usb_regs.o
    0x080017dc   0x0000001c   Code   RO         4242    i.SetEPTxCount      usb_regs.o
    0x080017f8   0x00000040   Code   RO         4243    i.SetEPTxStatus     usb_regs.o
    0x08001838   0x00000034   Code   RO         4244    i.SetEPTxValid      usb_regs.o
    0x0800186c   0x00000024   Code   RO         4245    i.SetEPType         usb_regs.o
    0x08001890   0x00000008   Code   RO          537    i.SetSysClock       system_stm32f10x.o
    0x08001898   0x000000e0   Code   RO          538    i.SetSysClockTo72   system_stm32f10x.o
    0x08001978   0x00000050   Code   RO         3483    i.Set_System        hw_config.o
    0x080019c8   0x00000012   Code   RO         3484    i.Set_USBClock      hw_config.o
    0x080019da   0x00000002   PAD
    0x080019dc   0x000000b8   Code   RO         3964    i.Setup0_Process    usb_core.o
    0x08001a94   0x00000164   Code   RO         3965    i.Standard_ClearFeature  usb_core.o
    0x08001bf8   0x0000002c   Code   RO         3966    i.Standard_GetConfiguration  usb_core.o
    0x08001c24   0x00000024   Code   RO         3967    i.Standard_GetDescriptorData  usb_core.o
    0x08001c48   0x0000002c   Code   RO         3968    i.Standard_GetInterface  usb_core.o
    0x08001c74   0x00000100   Code   RO         3969    i.Standard_GetStatus  usb_core.o
    0x08001d74   0x00000048   Code   RO         3970    i.Standard_SetConfiguration  usb_core.o
    0x08001dbc   0x00000028   Code   RO         3971    i.Standard_SetDeviceFeature  usb_core.o
    0x08001de4   0x000000d0   Code   RO         3972    i.Standard_SetEndPointFeature  usb_core.o
    0x08001eb4   0x0000006c   Code   RO         3973    i.Standard_SetInterface  usb_core.o
    0x08001f20   0x00000104   Code   RO         3904    i.Suspend           usb_pwr.o
    0x08002024   0x00000002   Code   RO         2780    i.SysTick_Handler   stm32f10x_it.o
    0x08002026   0x00000002   PAD
    0x08002028   0x00000060   Code   RO          540    i.SystemInit        system_stm32f10x.o
    0x08002088   0x0000000a   Code   RO          236    i.TIM1_UP_IRQHandler  bsp_tim.o
    0x08002092   0x0000000a   Code   RO          237    i.TIM2_IRQHandler   bsp_tim.o
    0x0800209c   0x0000000a   Code   RO          238    i.TIM3_IRQHandler   bsp_tim.o
    0x080020a6   0x0000000a   Code   RO          239    i.TIM4_IRQHandler   bsp_tim.o
    0x080020b0   0x00000006   Code   RO         2032    i.TIM_ClearITPendingBit  stm32f10x_tim.o
    0x080020b6   0x00000022   Code   RO         2058    i.TIM_GetITStatus   stm32f10x_tim.o
    0x080020d8   0x00000050   Code   RO          335    i.USART1_IRQHandler  usart_dev.o
    0x08002128   0x000000b4   Code   RO          336    i.USART1_Init       usart_dev.o
    0x080021dc   0x00000050   Code   RO          337    i.USART2_IRQHandler  usart_dev.o
    0x0800222c   0x000000b0   Code   RO          338    i.USART2_Init       usart_dev.o
    0x080022dc   0x00000050   Code   RO          339    i.USART3_IRQHandler  usart_dev.o
    0x0800232c   0x000000c4   Code   RO          340    i.USART3_Init       usart_dev.o
    0x080023f0   0x0000001e   Code   RO         2582    i.USART_ClearITPendingBit  stm32f10x_usart.o
    0x0800240e   0x00000018   Code   RO         2585    i.USART_Cmd         stm32f10x_usart.o
    0x08002426   0x00000012   Code   RO         2586    i.USART_DMACmd      stm32f10x_usart.o
    0x08002438   0x00000080   Code   RO          342    i.USART_DefInit     usart_dev.o
    0x080024b8   0x0000000c   Code   RO          343    i.USART_DmaDone     usart_dev.o
    0x080024c4   0x0000004c   Code   RO          344    i.USART_DmaTx       usart_dev.o
    0x08002510   0x0000000c   Code   RO          345    i.USART_GetDmaIsBusy  usart_dev.o
    0x0800251c   0x00000054   Code   RO         2589    i.USART_GetITStatus  stm32f10x_usart.o
    0x08002570   0x0000004a   Code   RO         2591    i.USART_ITConfig    stm32f10x_usart.o
    0x080025ba   0x00000002   PAD
    0x080025bc   0x000000d8   Code   RO         2592    i.USART_Init        stm32f10x_usart.o
    0x08002694   0x00000048   Code   RO          346    i.USART_InterruptServer  usart_dev.o
    0x080026dc   0x0000000a   Code   RO         2599    i.USART_ReceiveData  stm32f10x_usart.o
    0x080026e6   0x00000024   Code   RO          348    i.USART_hoopcpy     usart_dev.o
    0x0800270a   0x00000002   PAD
    0x0800270c   0x0000008c   Code   RO          349    i.USART_readHoop    usart_dev.o
    0x08002798   0x0000000c   Code   RO         3757    i.USBWakeUp_IRQHandler  usb_it.o
    0x080027a4   0x00000024   Code   RO         3485    i.USB_Cable_Config  hw_config.o
    0x080027c8   0x00000014   Code   RO         3486    i.USB_Config        hw_config.o
    0x080027dc   0x0000003c   Code   RO         4086    i.USB_Init          usb_init.o
    0x08002818   0x00000034   Code   RO         3487    i.USB_Interrupts_Config  hw_config.o
    0x0800284c   0x000001d0   Code   RO         3727    i.USB_Istr          usb_istr.o
    0x08002a1c   0x00000008   Code   RO         3758    i.USB_LP_CAN1_RX0_IRQHandler  usb_it.o
    0x08002a24   0x00000024   Code   RO         4565    i.USB_SIL_Init      usb_sil.o
    0x08002a48   0x0000002e   Code   RO         4566    i.USB_SIL_Read      usb_sil.o
    0x08002a76   0x00000004   Code   RO         2781    i.UsageFault_Handler  stm32f10x_it.o
    0x08002a7a   0x00000042   Code   RO          350    i.Usart_DmaTxCfg    usart_dev.o
    0x08002abc   0x00000060   Code   RO          351    i.Usart_DmaUsart1Tx  usart_dev.o
    0x08002b1c   0x00000060   Code   RO          352    i.Usart_DmaUsart2Tx  usart_dev.o
    0x08002b7c   0x00000060   Code   RO          353    i.Usart_DmaUsart3Tx  usart_dev.o
    0x08002bdc   0x00000038   Code   RO         4164    i.UserToPMABufferCopy  usb_mem.o
    0x08002c14   0x00000064   Code   RO         3787    i.Virtual_Com_Port_Data_Setup  usb_prop.o
    0x08002c78   0x00000014   Code   RO         3788    i.Virtual_Com_Port_GetConfigDescriptor  usb_prop.o
    0x08002c8c   0x00000014   Code   RO         3789    i.Virtual_Com_Port_GetDeviceDescriptor  usb_prop.o
    0x08002ca0   0x0000001c   Code   RO         3790    i.Virtual_Com_Port_GetLineCoding  usb_prop.o
    0x08002cbc   0x00000028   Code   RO         3791    i.Virtual_Com_Port_GetStringDescriptor  usb_prop.o
    0x08002ce4   0x00000016   Code   RO         3792    i.Virtual_Com_Port_Get_Interface_Setting  usb_prop.o
    0x08002cfa   0x00000002   PAD
    0x08002cfc   0x00000028   Code   RO         3793    i.Virtual_Com_Port_NoData_Setup  usb_prop.o
    0x08002d24   0x0000019c   Code   RO         3794    i.Virtual_Com_Port_Reset  usb_prop.o
    0x08002ec0   0x00000018   Code   RO         3795    i.Virtual_Com_Port_SetConfiguration  usb_prop.o
    0x08002ed8   0x0000000c   Code   RO         3796    i.Virtual_Com_Port_SetDeviceAddress  usb_prop.o
    0x08002ee4   0x0000001c   Code   RO         3797    i.Virtual_Com_Port_SetLineCoding  usb_prop.o
    0x08002f00   0x00000014   Code   RO         3798    i.Virtual_Com_Port_Status_In  usb_prop.o
    0x08002f14   0x00000002   Code   RO         3799    i.Virtual_Com_Port_Status_Out  usb_prop.o
    0x08002f16   0x00000002   PAD
    0x08002f18   0x0000002c   Code   RO         3800    i.Virtual_Com_Port_init  usb_prop.o
    0x08002f44   0x0000003c   Code   RO          240    i._UpIRQHandler     bsp_tim.o
    0x08002f80   0x0000000e   Code   RO         4912    i.__scatterload_copy  mc_w.l(handlers.o)
    0x08002f8e   0x00000002   Code   RO         4913    i.__scatterload_null  mc_w.l(handlers.o)
    0x08002f90   0x0000000e   Code   RO         4914    i.__scatterload_zeroinit  mc_w.l(handlers.o)
    0x08002f9e   0x00000002   PAD
    0x08002fa0   0x00000034   Code   RO         3636    i.configture2Usart  usb_endp.o
    0x08002fd4   0x00000054   Code   RO            5    i.main              app.o
    0x08003028   0x00000022   Code   RO          493    i.usbcache_hoopcpy  usbcache.o
    0x0800304a   0x00000002   PAD
    0x0800304c   0x00000034   Code   RO          494    i.usbcache_init     usbcache.o
    0x08003080   0x0000008c   Code   RO          495    i.usbcache_pull     usbcache.o
    0x0800310c   0x0000004c   Code   RO          496    i.usbcache_push     usbcache.o
    0x08003158   0x00000003   Data   RO            7    .constdata          app.o
    0x0800315b   0x00000001   PAD
    0x0800315c   0x00000030   Data   RO          130    .constdata          bsp.o
    0x0800318c   0x00000024   Data   RO          242    .constdata          bsp_tim.o
    0x080031b0   0x00000123   Data   RO         3599    .constdata          usb_desc.o
    0x080032d3   0x00000001   PAD
    0x080032d4   0x0000003f   Data   RO         3638    .constdata          usb_endp.o
    0x08003313   0x00000001   PAD
    0x08003314   0x00000020   Data   RO         4910    Region$$Table       anon$$obj.o


    Execution Region RW_IRAM1 (Base: 0x20000000, Size: 0x00003200, Max: 0x00005000, ABSOLUTE, COMPRESSED[0x000000bc])

    Base Addr    Size         Type   Attr      Idx    E Section Name        Object

    0x20000000   0x0000000f   Data   RW          355    .data               usart_dev.o
    0x2000000f   0x00000014   Data   RW         1682    .data               stm32f10x_rcc.o
    0x20000023   0x00000001   PAD
    0x20000024   0x0000000c   Data   RW         3489    .data               hw_config.o
    0x20000030   0x00000026   Data   RW         3600    .data               usb_desc.o
    0x20000056   0x00000007   Data   RW         3639    .data               usb_endp.o
    0x2000005d   0x00000003   PAD
    0x20000060   0x00000044   Data   RW         3728    .data               usb_istr.o
    0x200000a4   0x00000094   Data   RW         3801    .data               usb_prop.o
    0x20000138   0x0000000c   Data   RW         3906    .data               usb_pwr.o
    0x20000144   0x00000003   Data   RW         3974    .data               usb_core.o
    0x20000147   0x00000001   PAD
    0x20000148   0x00000014   Data   RW         4088    .data               usb_init.o
    0x2000015c   0x00000004   Data   RW         4123    .data               usb_int.o
    0x20000160   0x000000c0   Zero   RW            6    .bss                app.o
    0x20000220   0x00000010   Zero   RW          241    .bss                bsp_tim.o
    0x20000230   0x000003ec   Zero   RW          354    .bss                usart_dev.o
    0x2000061c   0x00002424   Zero   RW          497    .bss                usbcache.o
    0x20002a40   0x00000380   Zero   RW         3637    .bss                usb_endp.o
    0x20002dc0   0x00000020   Zero   RW         3905    .bss                usb_pwr.o
    0x20002de0   0x0000001c   Zero   RW         4087    .bss                usb_init.o
    0x20002dfc   0x00000004   PAD
    0x20002e00   0x00000400   Zero   RW         3199    STACK               startup_stm32f10x_hd.o


==============================================================================

Image component sizes


      Code (inc. data)   RO Data    RW Data    ZI Data      Debug   Object Name

        84          8          3          0        192     237247   app.o
       164          4         48          0          0       2181   bsp.o
       100         10         36          0         16      23279   bsp_tim.o
       352         36          0         12          0       8892   hw_config.o
       132         22          0          0          0       1503   misc.o
        36          8        304          0       1024        824   startup_stm32f10x_hd.o
       506         26          0          0          0       5031   stm32f10x_dma.o
       160         12          0          0          0       1469   stm32f10x_exti.o
       430          6          0          0          0       3794   stm32f10x_gpio.o
        26          0          0          0          0       4006   stm32f10x_it.o
       320         44          0         20          0       5433   stm32f10x_rcc.o
        40          0          0          0          0       1706   stm32f10x_tim.o
       456          6          0          0          0       6087   stm32f10x_usart.o
       328         28          0          0          0       1949   system_stm32f10x.o
      1842        114          0         15       1004      23417   usart_dev.o
      3022        280          0          3          0      13635   usb_core.o
         0          0        291         38          0       1063   usb_desc.o
       368         42         63          7        896       7192   usb_endp.o
        60         24          0         20         28       3954   usb_init.o
       648         32          0          4          0       1628   usb_int.o
       464         38          0         68          0       1571   usb_istr.o
        20          0          0          0          0        920   usb_it.o
        96         10          0          0          0       1636   usb_mem.o
       812        100          0        148          0      11401   usb_prop.o
       568         60          0         12         32       3684   usb_pwr.o
       712        100          0          0          0       9047   usb_regs.o
        82          8          0          0          0       1322   usb_sil.o
       302         14          0          0       9252       2907   usbcache.o

    ----------------------------------------------------------------------
     12154       1032        780        352      12448     386778   Object Totals
         0          0         32          0          0          0   (incl. Generated)
        24          0          3          5          4          0   (incl. Padding)

    ----------------------------------------------------------------------

      Code (inc. data)   RO Data    RW Data    ZI Data      Debug   Library Member Name

        86          0          0          0          0          0   __dczerorl2.o
         0          0          0          0          0          0   entry.o
         0          0          0          0          0          0   entry10a.o
         0          0          0          0          0          0   entry11a.o
         8          4          0          0          0          0   entry2.o
         4          0          0          0          0          0   entry5.o
         0          0          0          0          0          0   entry7b.o
         0          0          0          0          0          0   entry8b.o
         8          4          0          0          0          0   entry9a.o
        30          0          0          0          0          0   handlers.o
        36          8          0          0          0         68   init.o

    ----------------------------------------------------------------------
       174         16          0          0          0         68   Library Totals
         2          0          0          0          0          0   (incl. Padding)

    ----------------------------------------------------------------------

      Code (inc. data)   RO Data    RW Data    ZI Data      Debug   Library Name

       172         16          0          0          0         68   mc_w.l

    ----------------------------------------------------------------------
       174         16          0          0          0         68   Library Totals

    ----------------------------------------------------------------------

==============================================================================


      Code (inc. data)   RO Data    RW Data    ZI Data      Debug   

     12328       1048        780        352      12448     379122   Grand Totals
     12328       1048        780        188      12448     379122   ELF Image Totals (compressed)
     12328       1048        780        188          0          0   ROM Totals

==============================================================================

    Total RO  Size (Code + RO Data)                13108 (  12.80kB)
    Total RW  Size (RW Data + ZI Data)             12800 (  12.50kB)
    Total ROM Size (Code + RO Data + RW Data)      13296 (  12.98kB)

==============================================================================

